INFO: [VRFC 10-2263] Analyzing Verilog file "C:/lab/4B_Research/FIR_DDP/DDP_FIR_16bit/DDP_FIR_16bit/DDP_FIR_16bit.sim/sim_1/impl/timing/xsim/DDP_SIM_time_impl.v" into library xil_defaultlib
INFO: [VRFC 10-311] analyzing module FDCP_UNIQ_BASE_
INFO: [VRFC 10-311] analyzing module B
INFO: [VRFC 10-311] analyzing module B_SubPS
INFO: [VRFC 10-311] analyzing module C
INFO: [VRFC 10-311] analyzing module CB
INFO: [VRFC 10-311] analyzing module CE
INFO: [VRFC 10-311] analyzing module CE__2
INFO: [VRFC 10-311] analyzing module CF
INFO: [VRFC 10-311] analyzing module CF__5
INFO: [VRFC 10-311] analyzing module CF__6
INFO: [VRFC 10-311] analyzing module CF__7
INFO: [VRFC 10-311] analyzing module CF__8
INFO: [VRFC 10-311] analyzing module CJ
INFO: [VRFC 10-311] analyzing module CJ__2
INFO: [VRFC 10-311] analyzing module CM
INFO: [VRFC 10-311] analyzing module COPY
INFO: [VRFC 10-311] analyzing module CX2
INFO: [VRFC 10-311] analyzing module C_Cycle
INFO: [VRFC 10-311] analyzing module C__4
INFO: [VRFC 10-311] analyzing module C__5
INFO: [VRFC 10-311] analyzing module C__6
INFO: [VRFC 10-311] analyzing module DDP
INFO: [VRFC 10-311] analyzing module Delay
INFO: [VRFC 10-311] analyzing module Delay__34
INFO: [VRFC 10-311] analyzing module Delay__35
INFO: [VRFC 10-311] analyzing module Delay__36
INFO: [VRFC 10-311] analyzing module Delay__37
INFO: [VRFC 10-311] analyzing module Delay__38
INFO: [VRFC 10-311] analyzing module Delay__39
INFO: [VRFC 10-311] analyzing module Delay__40
INFO: [VRFC 10-311] analyzing module Delay__41
INFO: [VRFC 10-311] analyzing module Delay__42
INFO: [VRFC 10-311] analyzing module Delay__43
INFO: [VRFC 10-311] analyzing module Delay__44
INFO: [VRFC 10-311] analyzing module Delay__45
INFO: [VRFC 10-311] analyzing module Delay__46
INFO: [VRFC 10-311] analyzing module Delay__47
INFO: [VRFC 10-311] analyzing module Delay__48
INFO: [VRFC 10-311] analyzing module Delay__49
INFO: [VRFC 10-311] analyzing module Delay__50
INFO: [VRFC 10-311] analyzing module Delay__51
INFO: [VRFC 10-311] analyzing module Delay__52
INFO: [VRFC 10-311] analyzing module Delay__53
INFO: [VRFC 10-311] analyzing module Delay__54
INFO: [VRFC 10-311] analyzing module Delay__55
INFO: [VRFC 10-311] analyzing module Delay__56
INFO: [VRFC 10-311] analyzing module Delay__57
INFO: [VRFC 10-311] analyzing module Delay__58
INFO: [VRFC 10-311] analyzing module Delay__59
INFO: [VRFC 10-311] analyzing module Delay__60
INFO: [VRFC 10-311] analyzing module Delay__61
INFO: [VRFC 10-311] analyzing module Delay__62
INFO: [VRFC 10-311] analyzing module Delay__63
INFO: [VRFC 10-311] analyzing module Delay__64
INFO: [VRFC 10-311] analyzing module Delay__65
INFO: [VRFC 10-311] analyzing module Delay__66
INFO: [VRFC 10-311] analyzing module Delay__parameterized0
INFO: [VRFC 10-311] analyzing module Delay__parameterized0__10
INFO: [VRFC 10-311] analyzing module Delay__parameterized0__11
INFO: [VRFC 10-311] analyzing module Delay__parameterized0__12
INFO: [VRFC 10-311] analyzing module Delay__parameterized0__13
INFO: [VRFC 10-311] analyzing module Delay__parameterized0__14
INFO: [VRFC 10-311] analyzing module Delay__parameterized0__15
INFO: [VRFC 10-311] analyzing module Delay__parameterized0__16
INFO: [VRFC 10-311] analyzing module Delay__parameterized0__17
INFO: [VRFC 10-311] analyzing module Delay__parameterized0__18
INFO: [VRFC 10-311] analyzing module FP
INFO: [VRFC 10-311] analyzing module M
INFO: [VRFC 10-311] analyzing module MA
INFO: [VRFC 10-311] analyzing module MA_DMEM
INFO: [VRFC 10-311] analyzing module MMCAM
INFO: [VRFC 10-311] analyzing module MMCAM_AM_OR_MA
INFO: [VRFC 10-311] analyzing module MMCAM_ENTRY_FD
INFO: [VRFC 10-311] analyzing module MMCAM_ENTRY_FD__100
INFO: [VRFC 10-311] analyzing module MMCAM_ENTRY_FD__101
INFO: [VRFC 10-311] analyzing module MMCAM_ENTRY_FD__102
INFO: [VRFC 10-311] analyzing module MMCAM_ENTRY_FD__103
INFO: [VRFC 10-311] analyzing module MMCAM_ENTRY_FD__104
INFO: [VRFC 10-311] analyzing module MMCAM_ENTRY_FD__105
INFO: [VRFC 10-311] analyzing module MMCAM_ENTRY_FD__106
INFO: [VRFC 10-311] analyzing module MMCAM_ENTRY_FD__107
INFO: [VRFC 10-311] analyzing module MMCAM_ENTRY_FD__108
INFO: [VRFC 10-311] analyzing module MMCAM_ENTRY_FD__109
INFO: [VRFC 10-311] analyzing module MMCAM_ENTRY_FD__110
INFO: [VRFC 10-311] analyzing module MMCAM_ENTRY_FD__111
INFO: [VRFC 10-311] analyzing module MMCAM_ENTRY_FD__112
INFO: [VRFC 10-311] analyzing module MMCAM_ENTRY_FD__113
INFO: [VRFC 10-311] analyzing module MMCAM_ENTRY_FD__114
INFO: [VRFC 10-311] analyzing module MMCAM_ENTRY_FD__115
INFO: [VRFC 10-311] analyzing module MMCAM_ENTRY_FD__116
INFO: [VRFC 10-311] analyzing module MMCAM_ENTRY_FD__117
INFO: [VRFC 10-311] analyzing module MMCAM_ENTRY_FD__118
INFO: [VRFC 10-311] analyzing module MMCAM_ENTRY_FD__119
INFO: [VRFC 10-311] analyzing module MMCAM_ENTRY_FD__120
INFO: [VRFC 10-311] analyzing module MMCAM_ENTRY_FD__121
INFO: [VRFC 10-311] analyzing module MMCAM_ENTRY_FD__122
INFO: [VRFC 10-311] analyzing module MMCAM_ENTRY_FD__123
INFO: [VRFC 10-311] analyzing module MMCAM_ENTRY_FD__124
INFO: [VRFC 10-311] analyzing module MMCAM_ENTRY_FD__125
INFO: [VRFC 10-311] analyzing module MMCAM_ENTRY_FD__126
INFO: [VRFC 10-311] analyzing module MMCAM_ENTRY_FD__64
INFO: [VRFC 10-311] analyzing module MMCAM_ENTRY_FD__65
INFO: [VRFC 10-311] analyzing module MMCAM_ENTRY_FD__66
INFO: [VRFC 10-311] analyzing module MMCAM_ENTRY_FD__67
INFO: [VRFC 10-311] analyzing module MMCAM_ENTRY_FD__68
INFO: [VRFC 10-311] analyzing module MMCAM_ENTRY_FD__69
INFO: [VRFC 10-311] analyzing module MMCAM_ENTRY_FD__70
INFO: [VRFC 10-311] analyzing module MMCAM_ENTRY_FD__71
INFO: [VRFC 10-311] analyzing module MMCAM_ENTRY_FD__72
INFO: [VRFC 10-311] analyzing module MMCAM_ENTRY_FD__73
INFO: [VRFC 10-311] analyzing module MMCAM_ENTRY_FD__74
INFO: [VRFC 10-311] analyzing module MMCAM_ENTRY_FD__75
INFO: [VRFC 10-311] analyzing module MMCAM_ENTRY_FD__76
INFO: [VRFC 10-311] analyzing module MMCAM_ENTRY_FD__77
INFO: [VRFC 10-311] analyzing module MMCAM_ENTRY_FD__78
INFO: [VRFC 10-311] analyzing module MMCAM_ENTRY_FD__79
INFO: [VRFC 10-311] analyzing module MMCAM_ENTRY_FD__80
INFO: [VRFC 10-311] analyzing module MMCAM_ENTRY_FD__81
INFO: [VRFC 10-311] analyzing module MMCAM_ENTRY_FD__82
INFO: [VRFC 10-311] analyzing module MMCAM_ENTRY_FD__83
INFO: [VRFC 10-311] analyzing module MMCAM_ENTRY_FD__84
INFO: [VRFC 10-311] analyzing module MMCAM_ENTRY_FD__85
INFO: [VRFC 10-311] analyzing module MMCAM_ENTRY_FD__86
INFO: [VRFC 10-311] analyzing module MMCAM_ENTRY_FD__87
INFO: [VRFC 10-311] analyzing module MMCAM_ENTRY_FD__88
INFO: [VRFC 10-311] analyzing module MMCAM_ENTRY_FD__89
INFO: [VRFC 10-311] analyzing module MMCAM_ENTRY_FD__90
INFO: [VRFC 10-311] analyzing module MMCAM_ENTRY_FD__91
INFO: [VRFC 10-311] analyzing module MMCAM_ENTRY_FD__92
INFO: [VRFC 10-311] analyzing module MMCAM_ENTRY_FD__93
INFO: [VRFC 10-311] analyzing module MMCAM_ENTRY_FD__94
INFO: [VRFC 10-311] analyzing module MMCAM_ENTRY_FD__95
INFO: [VRFC 10-311] analyzing module MMCAM_ENTRY_FD__96
INFO: [VRFC 10-311] analyzing module MMCAM_ENTRY_FD__97
INFO: [VRFC 10-311] analyzing module MMCAM_ENTRY_FD__98
INFO: [VRFC 10-311] analyzing module MMCAM_ENTRY_FD__99
INFO: [VRFC 10-311] analyzing module MMRAM
INFO: [VRFC 10-311] analyzing module MMRAM_CMEM
INFO: [VRFC 10-311] analyzing module MMRAM_RAM
INFO: [VRFC 10-311] analyzing module PS
INFO: [VRFC 10-311] analyzing module PS_ROM
INFO: [VRFC 10-311] analyzing module B_SubPS_blk_mem_gen_generic_cstr
INFO: [VRFC 10-311] analyzing module B_SubPS_blk_mem_gen_prim_width
INFO: [VRFC 10-311] analyzing module B_SubPS_blk_mem_gen_prim_wrapper_init
INFO: [VRFC 10-311] analyzing module B_SubPS_blk_mem_gen_top
INFO: [VRFC 10-311] analyzing module B_SubPS_blk_mem_gen_v8_4_12
INFO: [VRFC 10-311] analyzing module B_SubPS_blk_mem_gen_v8_4_12_synth
INFO: [VRFC 10-311] analyzing module MA_DMEM_blk_mem_gen_generic_cstr
INFO: [VRFC 10-311] analyzing module MA_DMEM_blk_mem_gen_prim_width
INFO: [VRFC 10-311] analyzing module MA_DMEM_blk_mem_gen_prim_wrapper
INFO: [VRFC 10-311] analyzing module MA_DMEM_blk_mem_gen_top
INFO: [VRFC 10-311] analyzing module MA_DMEM_blk_mem_gen_v8_4_12
INFO: [VRFC 10-311] analyzing module MA_DMEM_blk_mem_gen_v8_4_12_synth
INFO: [VRFC 10-311] analyzing module MMRAM_CMEM_blk_mem_gen_generic_cstr
INFO: [VRFC 10-311] analyzing module MMRAM_CMEM_blk_mem_gen_prim_width
INFO: [VRFC 10-311] analyzing module MMRAM_CMEM_blk_mem_gen_prim_wrapper_init
INFO: [VRFC 10-311] analyzing module MMRAM_CMEM_blk_mem_gen_top
INFO: [VRFC 10-311] analyzing module MMRAM_CMEM_blk_mem_gen_v8_4_12
INFO: [VRFC 10-311] analyzing module MMRAM_CMEM_blk_mem_gen_v8_4_12_synth
INFO: [VRFC 10-311] analyzing module MMRAM_RAM_blk_mem_gen_generic_cstr
INFO: [VRFC 10-311] analyzing module MMRAM_RAM_blk_mem_gen_prim_width
INFO: [VRFC 10-311] analyzing module MMRAM_RAM_blk_mem_gen_prim_wrapper
INFO: [VRFC 10-311] analyzing module MMRAM_RAM_blk_mem_gen_top
INFO: [VRFC 10-311] analyzing module MMRAM_RAM_blk_mem_gen_v8_4_12
INFO: [VRFC 10-311] analyzing module MMRAM_RAM_blk_mem_gen_v8_4_12_synth
INFO: [VRFC 10-311] analyzing module PS_ROM_blk_mem_gen_generic_cstr
INFO: [VRFC 10-311] analyzing module PS_ROM_blk_mem_gen_prim_width
INFO: [VRFC 10-311] analyzing module PS_ROM_blk_mem_gen_prim_wrapper_init
INFO: [VRFC 10-311] analyzing module PS_ROM_blk_mem_gen_top
INFO: [VRFC 10-311] analyzing module PS_ROM_blk_mem_gen_v8_4_12
INFO: [VRFC 10-311] analyzing module PS_ROM_blk_mem_gen_v8_4_12_synth
INFO: [VRFC 10-311] analyzing module glbl
INFO: [VRFC 10-2263] Analyzing Verilog file "C:/lab/4B_Research/FIR_DDP/DDP_FIR_16bit/SIM/DDP_SIM.v" into library xil_defaultlib
INFO: [VRFC 10-311] analyzing module DDP_SIM
