Copyright 1986-2022 Xilinx, Inc. All Rights Reserved. Copyright 2022-2025 Advanced Micro Devices, Inc. All Rights Reserved.
-------------------------------------------------------------------------------------------------------------------------------------------------
| Tool Version     : Vivado v.2025.2 (win64) Build 6299465 Fri Nov 14 19:35:11 GMT 2025
| Date             : Sat Aug 22 15:57:01 2026
| Host             : DESKTOP-F8PDQQS running 64-bit major release  (build 9200)
| Command          : report_power -file DDP_power_routed.rpt -pb DDP_power_summary_routed.pb -rpx DDP_power_routed.rpx
| Design           : DDP
| Device           : xc7z020iclg484-1L
| Design State     : routed
| Grade            : industrial
| Process          : typical
| Characterization : Production
-------------------------------------------------------------------------------------------------------------------------------------------------

Power Report

Table of Contents
-----------------
1. Summary
1.1 On-Chip Components
1.2 Power Supply Summary
1.3 Confidence Level
2. Settings
2.1 Environment
2.2 Clock Constraints
3. Detailed Reports
3.1 By Hierarchy

1. Summary
----------

+--------------------------+--------------+
| Total On-Chip Power (W)  | 98.472       |
| Design Power Budget (W)  | Unspecified* |
| Power Budget Margin (W)  | NA           |
| Dynamic (W)              | 97.730       |
| Device Static (W)        | 0.743        |
| Effective TJA (C/W)      | 11.5         |
| Max Ambient (C)          | 0.0          |
| Junction Temperature (C) | 125.0        |
| Confidence Level         | Low          |
| Setting File             | ---          |
| Simulation Activity File | ---          |
| Design Nets Matched      | NA           |
+--------------------------+--------------+
* Specify Design Power Budget using, set_operating_conditions -design_power_budget <value in Watts>


1.1 On-Chip Components
----------------------

+----------------+-----------+----------+-----------+-----------------+
| On-Chip        | Power (W) | Used     | Available | Utilization (%) |
+----------------+-----------+----------+-----------+-----------------+
| Slice Logic    |    20.806 |     5742 |       --- |             --- |
|   LUT as Logic |    19.803 |     3158 |     53200 |            5.94 |
|   CARRY4       |     0.503 |      203 |     13300 |            1.53 |
|   Register     |     0.499 |     1914 |    106400 |            1.80 |
|   Others       |     0.000 |      162 |       --- |             --- |
| Signals        |    28.048 |     5093 |       --- |             --- |
| Block RAM      |     1.173 |      2.5 |       140 |            1.79 |
| DSPs           |     3.088 |        4 |       220 |            1.82 |
| I/O            |    44.614 |      113 |       200 |           56.50 |
| Static Power   |     0.743 |          |           |                 |
| Total          |    98.472 |          |           |                 |
+----------------+-----------+----------+-----------+-----------------+


1.2 Power Supply Summary
------------------------

+-----------+-------------+-----------+-------------+------------+-------------+-------------+------------+
| Source    | Voltage (V) | Total (A) | Dynamic (A) | Static (A) | Powerup (A) | Budget (A)  | Margin (A) |
+-----------+-------------+-----------+-------------+------------+-------------+-------------+------------+
| Vccint    |       0.950 |    56.233 |      56.046 |      0.187 |       NA    | Unspecified | NA         |
| Vccaux    |       1.800 |     3.725 |       3.635 |      0.090 |       NA    | Unspecified | NA         |
| Vcco33    |       3.300 |     0.000 |       0.000 |      0.000 |       NA    | Unspecified | NA         |
| Vcco25    |       2.500 |     0.000 |       0.000 |      0.000 |       NA    | Unspecified | NA         |
| Vcco18    |       1.800 |    21.034 |      21.033 |      0.001 |       NA    | Unspecified | NA         |
| Vcco15    |       1.500 |     0.000 |       0.000 |      0.000 |       NA    | Unspecified | NA         |
| Vcco135   |       1.350 |     0.000 |       0.000 |      0.000 |       NA    | Unspecified | NA         |
| Vcco12    |       1.200 |     0.000 |       0.000 |      0.000 |       NA    | Unspecified | NA         |
| Vccaux_io |       1.800 |     0.000 |       0.000 |      0.000 |       NA    | Unspecified | NA         |
| Vccbram   |       0.950 |     0.107 |       0.089 |      0.018 |       NA    | Unspecified | NA         |
| MGTAVcc   |       1.000 |     0.000 |       0.000 |      0.000 |       NA    | Unspecified | NA         |
| MGTAVtt   |       1.200 |     0.000 |       0.000 |      0.000 |       NA    | Unspecified | NA         |
| MGTVccaux |       1.800 |     0.000 |       0.000 |      0.000 |       NA    | Unspecified | NA         |
| Vccpint   |       1.000 |     0.331 |       0.000 |      0.331 |       NA    | Unspecified | NA         |
| Vccpaux   |       1.800 |     0.009 |       0.000 |      0.009 |       NA    | Unspecified | NA         |
| Vccpll    |       1.800 |     0.003 |       0.000 |      0.003 |       NA    | Unspecified | NA         |
| Vcco_ddr  |       1.500 |     0.000 |       0.000 |      0.000 |       NA    | Unspecified | NA         |
| Vcco_mio0 |       1.800 |     0.000 |       0.000 |      0.000 |       NA    | Unspecified | NA         |
| Vcco_mio1 |       1.800 |     0.000 |       0.000 |      0.000 |       NA    | Unspecified | NA         |
| Vccadc    |       1.800 |     0.018 |       0.000 |      0.018 |       NA    | Unspecified | NA         |
+-----------+-------------+-----------+-------------+------------+-------------+-------------+------------+


1.3 Confidence Level
--------------------

+-----------------------------+------------+--------------------------------------------------------+--------------------------------------------------------------------------------------------------------------------+
| User Input Data             | Confidence | Details                                                | Action                                                                                                             |
+-----------------------------+------------+--------------------------------------------------------+--------------------------------------------------------------------------------------------------------------------+
| Design implementation state | High       | Design is routed                                       |                                                                                                                    |
| Clock nodes activity        | Low        | User specified less than 75% of clocks                 | Provide missing clock activity with a constraint file, simulation results or by editing the "By Clock Domain" view |
| I/O nodes activity          | Low        | More than 75% of inputs are missing user specification | Provide missing input activity with simulation results or by editing the "By Resource Type -> I/Os" view           |
| Internal nodes activity     | Medium     | User specified less than 25% of internal nodes         | Provide missing internal nodes activity with simulation results or by editing the "By Resource Type" views         |
| Device models               | High       | Device models are Production                           |                                                                                                                    |
|                             |            |                                                        |                                                                                                                    |
| Overall confidence level    | Low        |                                                        |                                                                                                                    |
+-----------------------------+------------+--------------------------------------------------------+--------------------------------------------------------------------------------------------------------------------+


2. Settings
-----------

2.1 Environment
---------------

+-----------------------+------------------------+
| Ambient Temp (C)      | 25.0                   |
| ThetaJA (C/W)         | 11.5                   |
| Airflow (LFM)         | 250                    |
| Heat Sink             | none                   |
| ThetaSA (C/W)         | 0.0                    |
| Board Selection       | medium (10"x10")       |
| # of Board Layers     | 8to11 (8 to 11 Layers) |
| Board Temperature (C) | 25.0                   |
+-----------------------+------------------------+


2.2 Clock Constraints
---------------------

+-------+--------+-----------------+
| Clock | Domain | Constraint (ns) |
+-------+--------+-----------------+


3. Detailed Reports
-------------------

3.1 By Hierarchy
----------------

+--------------------------+-----------+
| Name                     | Power (W) |
+--------------------------+-----------+
| DDP                      |    97.730 |
|   b                      |     0.981 |
|     SubPS                |     0.087 |
|       U0                 |     0.087 |
|   cc                     |     3.157 |
|     b                    |     0.219 |
|       c0                 |     0.196 |
|     c                    |     0.156 |
|       delay1             |     0.034 |
|       delay2             |     0.031 |
|       delay3             |     0.015 |
|       delay4             |     0.027 |
|     copy                 |     0.419 |
|       CF1                |     0.206 |
|       CF2                |     0.133 |
|       DL1S_reg           |     0.003 |
|     fp                   |     0.273 |
|       c0                 |     0.259 |
|     m                    |     0.423 |
|       CJ1                |     0.133 |
|       CJ2                |     0.169 |
|     ma                   |     0.296 |
|       delay1             |     0.055 |
|       delay2             |     0.059 |
|       delay3             |     0.026 |
|       delay4             |     0.030 |
|     mmcam                |     0.789 |
|       delay1             |     0.055 |
|       delay2             |     0.060 |
|       delay3             |     0.029 |
|       delay4             |     0.028 |
|     mmram                |     0.293 |
|       c0                 |     0.267 |
|     ps                   |     0.289 |
|       delay1             |     0.049 |
|       delay2             |     0.048 |
|       delay3             |     0.030 |
|       delay4             |     0.030 |
|   copy                   |     0.647 |
|   fp                     |    28.877 |
|   m                      |     7.328 |
|   ma                     |     1.535 |
|     DMEM                 |     0.227 |
|       U0                 |     0.227 |
|   mmcam                  |     3.649 |
|     am_or_ma             |     0.355 |
|     entry_fd_loop[0].ef  |     0.050 |
|     entry_fd_loop[10].ef |     0.048 |
|     entry_fd_loop[11].ef |     0.040 |
|     entry_fd_loop[12].ef |     0.046 |
|     entry_fd_loop[13].ef |     0.050 |
|     entry_fd_loop[14].ef |     0.041 |
|     entry_fd_loop[15].ef |     0.039 |
|     entry_fd_loop[16].ef |     0.047 |
|     entry_fd_loop[17].ef |     0.045 |
|     entry_fd_loop[18].ef |     0.042 |
|     entry_fd_loop[19].ef |     0.046 |
|     entry_fd_loop[1].ef  |     0.062 |
|     entry_fd_loop[20].ef |     0.042 |
|     entry_fd_loop[21].ef |     0.045 |
|     entry_fd_loop[22].ef |     0.044 |
|     entry_fd_loop[23].ef |     0.042 |
|     entry_fd_loop[24].ef |     0.051 |
|     entry_fd_loop[25].ef |     0.050 |
|     entry_fd_loop[26].ef |     0.047 |
|     entry_fd_loop[27].ef |     0.046 |
|     entry_fd_loop[28].ef |     0.047 |
|     entry_fd_loop[29].ef |     0.049 |
|     entry_fd_loop[2].ef  |     0.047 |
|     entry_fd_loop[30].ef |     0.045 |
|     entry_fd_loop[31].ef |     0.043 |
|     entry_fd_loop[32].ef |     0.045 |
|     entry_fd_loop[33].ef |     0.046 |
|     entry_fd_loop[34].ef |     0.048 |
|     entry_fd_loop[35].ef |     0.044 |
|     entry_fd_loop[36].ef |     0.040 |
|     entry_fd_loop[37].ef |     0.044 |
|     entry_fd_loop[38].ef |     0.047 |
|     entry_fd_loop[39].ef |     0.044 |
|     entry_fd_loop[3].ef  |     0.052 |
|     entry_fd_loop[40].ef |     0.048 |
|     entry_fd_loop[41].ef |     0.047 |
|     entry_fd_loop[42].ef |     0.048 |
|     entry_fd_loop[43].ef |     0.047 |
|     entry_fd_loop[44].ef |     0.046 |
|     entry_fd_loop[45].ef |     0.044 |
|     entry_fd_loop[46].ef |     0.045 |
|     entry_fd_loop[47].ef |     0.044 |
|     entry_fd_loop[48].ef |     0.047 |
|     entry_fd_loop[49].ef |     0.048 |
|     entry_fd_loop[4].ef  |     0.050 |
|     entry_fd_loop[50].ef |     0.050 |
|     entry_fd_loop[51].ef |     0.046 |
|     entry_fd_loop[52].ef |     0.036 |
|     entry_fd_loop[53].ef |     0.048 |
|     entry_fd_loop[54].ef |     0.045 |
|     entry_fd_loop[55].ef |     0.038 |
|     entry_fd_loop[56].ef |     0.042 |
|     entry_fd_loop[57].ef |     0.049 |
|     entry_fd_loop[58].ef |     0.049 |
|     entry_fd_loop[59].ef |     0.042 |
|     entry_fd_loop[5].ef  |     0.048 |
|     entry_fd_loop[60].ef |     0.045 |
|     entry_fd_loop[61].ef |     0.044 |
|     entry_fd_loop[62].ef |     0.044 |
|     entry_fd_loop[63].ef |     0.040 |
|     entry_fd_loop[6].ef  |     0.048 |
|     entry_fd_loop[7].ef  |     0.043 |
|     entry_fd_loop[8].ef  |     0.044 |
|     entry_fd_loop[9].ef  |     0.049 |
|   mmram                  |     4.500 |
|     CMEM                 |     0.458 |
|       U0                 |     0.458 |
|     RAM                  |     0.587 |
|       U0                 |     0.587 |
|   ps                     |     0.853 |
|     PS                   |     0.391 |
|       U0                 |     0.391 |
+--------------------------+-----------+


