
*** Running vivado
    with args -log DDP.vdi -applog -m64 -product Vivado -messageDb vivado.pb -mode batch -source DDP.tcl -notrace



****** Vivado v2025.2 (64-bit)
  **** SW Build 6299465 on Fri Nov 14 19:35:11 GMT 2025
  **** IP Build 6300035 on Fri Nov 14 10:48:45 MST 2025
  **** SharedData Build 6298862 on Thu Nov 13 04:50:51 MST 2025
  **** Start of session at: Wed Sep 16 17:51:27 2026
    ** Copyright 1986-2022 Xilinx, Inc. All Rights Reserved.
    ** Copyright 2022-2025 Advanced Micro Devices, Inc. All Rights Reserved.

source DDP.tcl -notrace
create_project: Time (s): cpu = 00:00:12 ; elapsed = 00:00:07 . Memory (MB): peak = 559.598 ; gain = 254.309
Command: link_design -top DDP -part xc7z020iclg484-1L
Design is defaulting to srcset: sources_1
Design is defaulting to constrset: constrs_1
INFO: [Device 21-403] Loading part xc7z020iclg484-1L
INFO: [Project 1-5699] Read binary netlist with skipMacroContent - 1
INFO: [Project 1-454] Reading design checkpoint 'c:/lab/4B_Research/FIR_DDP/DDP_FIR_32bit/Matuzaka_DDP_32bit.gen/sources_1/ip/B_SubPS/B_SubPS.dcp' for cell 'b/SubPS'
INFO: [Project 1-454] Reading design checkpoint 'c:/lab/4B_Research/FIR_DDP/DDP_FIR_32bit/Matuzaka_DDP_32bit.gen/sources_1/ip/MA_DMEM/MA_DMEM.dcp' for cell 'ma/DMEM'
INFO: [Project 1-454] Reading design checkpoint 'c:/lab/4B_Research/FIR_DDP/DDP_FIR_32bit/Matuzaka_DDP_32bit.gen/sources_1/ip/MMRAM_CMEM/MMRAM_CMEM.dcp' for cell 'mmram/CMEM'
INFO: [Project 1-454] Reading design checkpoint 'c:/lab/4B_Research/FIR_DDP/DDP_FIR_32bit/Matuzaka_DDP_32bit.gen/sources_1/ip/MMRAM_RAM/MMRAM_RAM.dcp' for cell 'mmram/RAM'
INFO: [Project 1-454] Reading design checkpoint 'c:/lab/4B_Research/FIR_DDP/DDP_FIR_32bit/Matuzaka_DDP_32bit.gen/sources_1/ip/PS_ROM/PS_ROM.dcp' for cell 'ps/PS'
Netlist sorting complete. Time (s): cpu = 00:00:00 ; elapsed = 00:00:00.042 . Memory (MB): peak = 847.301 ; gain = 0.000
INFO: [Netlist 29-17] Analyzing 213 Unisim elements for replacement
INFO: [Netlist 29-28] Unisim Transformation completed in 0 CPU seconds
INFO: [Project 1-479] Netlist was created with Vivado 2025.2
INFO: [Project 1-570] Preparing netlist for logic optimization
Parsing XDC File [C:/lab/4B_Research/FIR_DDP/DDP_FIR_32bit/CONSTRAINT/DDP.xdc]
Finished Parsing XDC File [C:/lab/4B_Research/FIR_DDP/DDP_FIR_32bit/CONSTRAINT/DDP.xdc]
INFO: [Opt 31-138] Pushed 0 inverter(s) to 0 load pin(s).
Netlist sorting complete. Time (s): cpu = 00:00:00 ; elapsed = 00:00:00.002 . Memory (MB): peak = 975.375 ; gain = 0.000
INFO: [Project 1-111] Unisim Transformation Summary:
  A total of 1 instances were transformed.
  FDCP => FDCP (FDCE, FDPE, LDCE, LUT3, VCC): 1 instance 

13 Infos, 0 Warnings, 0 Critical Warnings and 0 Errors encountered.
link_design completed successfully
link_design: Time (s): cpu = 00:00:05 ; elapsed = 00:00:06 . Memory (MB): peak = 975.375 ; gain = 404.891
Command: opt_design
Attempting to get a license for feature 'Implementation' and/or device 'xc7z020i'
INFO: [Common 17-349] Got license for feature 'Implementation' and/or device 'xc7z020i'
Running DRC as a precondition to command opt_design

Starting DRC Task
INFO: [DRC 23-27] Running DRC with 2 threads
INFO: [Project 1-461] DRC finished with 0 Errors
INFO: [Project 1-462] Please refer to the DRC report (report_drc) for more information.

Time (s): cpu = 00:00:01 ; elapsed = 00:00:00.399 . Memory (MB): peak = 1003.500 ; gain = 28.125

Starting Cache Timing Information Task
INFO: [Timing 38-35] Done setting XDC timing constraints.
Ending Cache Timing Information Task | Checksum: 143db4679

Time (s): cpu = 00:00:05 ; elapsed = 00:00:06 . Memory (MB): peak = 1502.074 ; gain = 498.574

Starting Logic Optimization Task

Phase 1 Initialization

Phase 1.1 Core Generation And Design Setup
Phase 1.1 Core Generation And Design Setup | Checksum: 143db4679

Time (s): cpu = 00:00:00 ; elapsed = 00:00:00.012 . Memory (MB): peak = 1964.949 ; gain = 0.000

Phase 1.2 Setup Constraints And Sort Netlist
Phase 1.2 Setup Constraints And Sort Netlist | Checksum: 143db4679

Time (s): cpu = 00:00:00 ; elapsed = 00:00:00.015 . Memory (MB): peak = 1964.949 ; gain = 0.000
Phase 1 Initialization | Checksum: 143db4679

Time (s): cpu = 00:00:00 ; elapsed = 00:00:00.016 . Memory (MB): peak = 1964.949 ; gain = 0.000

Phase 2 Timer Update And Timing Data Collection

Phase 2.1 Detect if minReqCache needed
Phase 2.1 Detect if minReqCache needed | Checksum: 143db4679

Time (s): cpu = 00:00:00 ; elapsed = 00:00:00.024 . Memory (MB): peak = 1964.949 ; gain = 0.000

Phase 2.2 Timer Update
Phase 2.2 Timer Update | Checksum: 143db4679

Time (s): cpu = 00:00:00 ; elapsed = 00:00:00.029 . Memory (MB): peak = 1964.949 ; gain = 0.000
Phase 2 Timer Update And Timing Data Collection | Checksum: 143db4679

Time (s): cpu = 00:00:00 ; elapsed = 00:00:00.030 . Memory (MB): peak = 1964.949 ; gain = 0.000

Phase 3 Retarget
INFO: [Opt 31-1851] Number of loadless carry chains removed were: 0
INFO: [Opt 31-1834] Total Chains To Be Transformed Were: 0 AND Number of Transformed insts Created are: 0
INFO: [Opt 31-138] Pushed 0 inverter(s) to 0 load pin(s).
INFO: [Opt 31-49] Retargeted 0 cell(s).
Phase 3 Retarget | Checksum: 143db4679

Time (s): cpu = 00:00:00 ; elapsed = 00:00:00.136 . Memory (MB): peak = 1964.949 ; gain = 0.000
Retarget | Checksum: 143db4679
INFO: [Opt 31-389] Phase Retarget created 0 cells and removed 0 cells
INFO: [Opt 31-1021] In phase Retarget, 1398 netlist objects are constrained preventing optimization. Please run opt_design with -debug_log to get more detail. 

Phase 4 Constant propagation
INFO: [Opt 31-138] Pushed 0 inverter(s) to 0 load pin(s).
Phase 4 Constant propagation | Checksum: 140904ae1

Time (s): cpu = 00:00:00 ; elapsed = 00:00:00.194 . Memory (MB): peak = 1964.949 ; gain = 0.000
Constant propagation | Checksum: 140904ae1
INFO: [Opt 31-389] Phase Constant propagation created 0 cells and removed 0 cells
INFO: [Opt 31-1021] In phase Constant propagation, 1029 netlist objects are constrained preventing optimization. Please run opt_design with -debug_log to get more detail. 

Phase 5 Sweep
INFO: [Constraints 18-11670] Building netlist checker database with flags, 0x8
Done building netlist checker database: Time (s): cpu = 00:00:00 ; elapsed = 00:00:00.001 . Memory (MB): peak = 1964.949 ; gain = 0.000
INFO: [Constraints 18-11670] Building netlist checker database with flags, 0x8
Done building netlist checker database: Time (s): cpu = 00:00:00 ; elapsed = 00:00:00.001 . Memory (MB): peak = 1964.949 ; gain = 0.000
Phase 5 Sweep | Checksum: 1399d8786

Time (s): cpu = 00:00:00 ; elapsed = 00:00:00.286 . Memory (MB): peak = 1964.949 ; gain = 0.000
Sweep | Checksum: 1399d8786
INFO: [Opt 31-389] Phase Sweep created 0 cells and removed 0 cells
INFO: [Opt 31-1021] In phase Sweep, 6164 netlist objects are constrained preventing optimization. Please run opt_design with -debug_log to get more detail. 

Phase 6 BUFG optimization
Phase 6 BUFG optimization | Checksum: 1399d8786

Time (s): cpu = 00:00:00 ; elapsed = 00:00:00.322 . Memory (MB): peak = 1964.949 ; gain = 0.000
BUFG optimization | Checksum: 1399d8786
INFO: [Opt 31-662] Phase BUFG optimization created 0 cells of which 0 are BUFGs and removed 0 cells.

Phase 7 Shift Register Optimization
INFO: [Opt 31-1064] SRL Remap converted 0 SRLs to 0 registers and converted 0 registers of register chains to 0 SRLs
Phase 7 Shift Register Optimization | Checksum: 1399d8786

Time (s): cpu = 00:00:00 ; elapsed = 00:00:00.331 . Memory (MB): peak = 1964.949 ; gain = 0.000
Shift Register Optimization | Checksum: 1399d8786
INFO: [Opt 31-389] Phase Shift Register Optimization created 0 cells and removed 0 cells

Phase 8 Post Processing Netlist
Phase 8 Post Processing Netlist | Checksum: 1399d8786

Time (s): cpu = 00:00:00 ; elapsed = 00:00:00.358 . Memory (MB): peak = 1964.949 ; gain = 0.000
Post Processing Netlist | Checksum: 1399d8786
INFO: [Opt 31-389] Phase Post Processing Netlist created 0 cells and removed 0 cells
INFO: [Opt 31-1021] In phase Post Processing Netlist, 818 netlist objects are constrained preventing optimization. Please run opt_design with -debug_log to get more detail. 

Phase 9 Finalization

Phase 9.1 Finalizing Design Cores and Updating Shapes
Phase 9.1 Finalizing Design Cores and Updating Shapes | Checksum: 18cca9590

Time (s): cpu = 00:00:01 ; elapsed = 00:00:00.447 . Memory (MB): peak = 1964.949 ; gain = 0.000

Phase 9.2 Verifying Netlist Connectivity

Starting Connectivity Check Task

Time (s): cpu = 00:00:00 ; elapsed = 00:00:00.011 . Memory (MB): peak = 1964.949 ; gain = 0.000
Phase 9.2 Verifying Netlist Connectivity | Checksum: 18cca9590

Time (s): cpu = 00:00:01 ; elapsed = 00:00:00.459 . Memory (MB): peak = 1964.949 ; gain = 0.000
Phase 9 Finalization | Checksum: 18cca9590

Time (s): cpu = 00:00:01 ; elapsed = 00:00:00.459 . Memory (MB): peak = 1964.949 ; gain = 0.000
Opt_design Change Summary
=========================


-------------------------------------------------------------------------------------------------------------------------
|  Phase                        |  #Cells created  |  #Cells Removed  |  #Constrained objects preventing optimizations  |
-------------------------------------------------------------------------------------------------------------------------
|  Retarget                     |               0  |               0  |                                           1398  |
|  Constant propagation         |               0  |               0  |                                           1029  |
|  Sweep                        |               0  |               0  |                                           6164  |
|  BUFG optimization            |               0  |               0  |                                              0  |
|  Shift Register Optimization  |               0  |               0  |                                              0  |
|  Post Processing Netlist      |               0  |               0  |                                            818  |
-------------------------------------------------------------------------------------------------------------------------


Ending Logic Optimization Task | Checksum: 18cca9590

Time (s): cpu = 00:00:01 ; elapsed = 00:00:00.461 . Memory (MB): peak = 1964.949 ; gain = 0.000

Starting Power Optimization Task
INFO: [Pwropt 34-132] Skipping clock gating for clocks with a period < 2.00 ns.
INFO: [Pwropt 34-203] Number of nets are not same before and after processing of findDistanceFromSourceAndDest. Before: 466 After: 467
INFO: [Pwropt 34-9] Applying IDT optimizations ...
INFO: [Pwropt 34-10] Applying ODC optimizations ...
INFO: [Timing 38-35] Done setting XDC timing constraints.
WARNING: [Power 33-232] No user defined clocks were found in the design! Power estimation will be inaccurate until this is corrected.
Resolution: Please specify clocks using create_clock/create_generated_clock for sequential elements. For pure combinatorial circuits, please specify a virtual clock, otherwise the vectorless estimation might be inaccurate
Running Vector-less Activity Propagation...

Finished Running Vector-less Activity Propagation


Starting PowerOpt Patch Enables Task
INFO: [Pwropt 34-162] WRITE_MODE attribute of 0 BRAM(s) out of a total of 5 has been updated to save power. Run report_power_opt to get a complete listing of the BRAMs updated.
INFO: [Pwropt 34-201] Structural ODC has moved 1 WE to EN ports
Number of BRAM Ports augmented: 0 newly gated: 1 Total Ports: 10
Ending PowerOpt Patch Enables Task | Checksum: 1359b2419

Time (s): cpu = 00:00:00 ; elapsed = 00:00:00.019 . Memory (MB): peak = 1964.949 ; gain = 0.000
Ending Power Optimization Task | Checksum: 1359b2419

Time (s): cpu = 00:00:02 ; elapsed = 00:00:02 . Memory (MB): peak = 1964.949 ; gain = 0.000

Starting Final Cleanup Task
Ending Final Cleanup Task | Checksum: 1359b2419

Time (s): cpu = 00:00:00 ; elapsed = 00:00:00 . Memory (MB): peak = 1964.949 ; gain = 0.000
Netlist sorting complete. Time (s): cpu = 00:00:00 ; elapsed = 00:00:00.003 . Memory (MB): peak = 1964.949 ; gain = 0.000
INFO: [Common 17-83] Releasing license: Implementation
44 Infos, 1 Warnings, 0 Critical Warnings and 0 Errors encountered.
opt_design completed successfully
opt_design: Time (s): cpu = 00:00:12 ; elapsed = 00:00:11 . Memory (MB): peak = 1964.949 ; gain = 989.574
INFO: [Vivado 12-24828] Executing command : report_drc -file DDP_drc_opted.rpt -pb DDP_drc_opted.pb -rpx DDP_drc_opted.rpx
Command: report_drc -file DDP_drc_opted.rpt -pb DDP_drc_opted.pb -rpx DDP_drc_opted.rpx
INFO: [IP_Flow 19-1839] IP Catalog is up to date.
INFO: [DRC 23-27] Running DRC with 2 threads
INFO: [Vivado_Tcl 2-168] The results of DRC are in file C:/lab/4B_Research/FIR_DDP/DDP_FIR_32bit/Matuzaka_DDP_32bit.runs/impl_1/DDP_drc_opted.rpt.
report_drc completed successfully
INFO: [Timing 38-480] Writing timing data to binary archive.
Write ShapeDB Complete: Time (s): cpu = 00:00:00 ; elapsed = 00:00:00.007 . Memory (MB): peak = 1964.949 ; gain = 0.000
INFO: [Common 17-1381] The checkpoint 'C:/lab/4B_Research/FIR_DDP/DDP_FIR_32bit/Matuzaka_DDP_32bit.runs/impl_1/DDP_opt.dcp' has been generated.
Command: place_design
Attempting to get a license for feature 'Implementation' and/or device 'xc7z020i'
INFO: [Common 17-349] Got license for feature 'Implementation' and/or device 'xc7z020i'
INFO: [Common 17-83] Releasing license: Implementation
INFO: [DRC 23-27] Running DRC with 2 threads
INFO: [Vivado_Tcl 4-198] DRC finished with 0 Errors
INFO: [Vivado_Tcl 4-199] Please refer to the DRC report (report_drc) for more information.
INFO: [Timing 38-35] Done setting XDC timing constraints.
Running DRC as a precondition to command place_design
INFO: [DRC 23-27] Running DRC with 2 threads
INFO: [Vivado_Tcl 4-198] DRC finished with 0 Errors, 24 Warnings
INFO: [Vivado_Tcl 4-199] Please refer to the DRC report (report_drc) for more information.
INFO: [Place 30-611] Multithreading enabled for place_design using a maximum of 2 CPUs

Starting Placer Task

Phase 1 Placer Initialization

Phase 1.1 Placer Initialization Netlist Sorting
Netlist sorting complete. Time (s): cpu = 00:00:00 ; elapsed = 00:00:00.002 . Memory (MB): peak = 1964.949 ; gain = 0.000
Phase 1.1 Placer Initialization Netlist Sorting | Checksum: bbc8ba9e

Time (s): cpu = 00:00:00 ; elapsed = 00:00:00.004 . Memory (MB): peak = 1964.949 ; gain = 0.000
Netlist sorting complete. Time (s): cpu = 00:00:00 ; elapsed = 00:00:00.001 . Memory (MB): peak = 1964.949 ; gain = 0.000

Phase 1.2 IO Placement/ Clock Placement/ Build Placer Device
WARNING: [Place 30-568] A LUT 'cc/ps/cp_INST_0' is driving clock pin of 85 registers. This could lead to large hold time violations. First few involved registers are:
	ps/DL_reg[21] {FDCE}
	ps/DL_reg[31] {FDCE}
	ps/DL_reg[3] {FDCE}
	ps/DL_reg[40] {FDCE}
	ps/DL_reg[26] {FDCE}
WARNING: [Place 30-568] A LUT 'cc/c/cp_INST_0' is driving clock pin of 54 registers. This could lead to large hold time violations. First few involved registers are:
	DL_reg[13] {FDCE}
	DL_reg[1] {FDPE}
	DL_reg[20] {FDCE}
	DL_reg[22] {FDCE}
	DL_reg[26] {FDCE}
WARNING: [Place 30-568] A LUT 'cc/m/CJ1/cp_INST_0' is driving clock pin of 54 registers. This could lead to large hold time violations. First few involved registers are:
	m/DL_EXTERNAL_reg[31] {FDCE}
	m/DL_EXTERNAL_reg[32] {FDCE}
	m/DL_EXTERNAL_reg[17] {FDCE}
	m/DL_EXTERNAL_reg[21] {FDCE}
	m/DL_EXTERNAL_reg[22] {FDCE}
WARNING: [Place 30-568] A LUT 'cc/copy/CF1/cp_INST_0' is driving clock pin of 58 registers. This could lead to large hold time violations. First few involved registers are:
	cc/copy/DL_exb_reg {FDPE}
	cc/copy/DL_cpy_reg {FDCE}
	copy/DL_reg[15] {FDCE}
	copy/DL_reg[18] {FDCE}
	copy/DL_reg[16] {FDCE}
WARNING: [Place 30-568] A LUT 'cc/copy/cp3_inferred_i_1' is driving clock pin of 4 registers. This could lead to large hold time violations. First few involved registers are:
	cc/copy/DL1S_reg_C {FDCE}
	cc/copy/DL1S_reg_P {FDPE}
	cc/copy/DL1S_reg/F2 {FDPE}
	cc/copy/DL1S_reg/F1 {FDCE}
WARNING: [Place 30-568] A LUT 'cc/mmcam/cp_INST_0' is driving clock pin of 1342 registers. This could lead to large hold time violations. First few involved registers are:
	mmcam/entry_fd_loop[35].ef/ENTRY_reg[0] {FDRE}
	mmcam/entry_fd_loop[35].ef/ENTRY_reg[10] {FDRE}
	mmcam/entry_fd_loop[35].ef/ENTRY_reg[13] {FDRE}
	mmcam/entry_fd_loop[35].ef/ENTRY_reg[14] {FDRE}
	mmcam/entry_fd_loop[35].ef/ENTRY_reg[16] {FDRE}
WARNING: [Place 30-568] A LUT 'cc/ma/cp_INST_0' is driving clock pin of 58 registers. This could lead to large hold time violations. First few involved registers are:
	ma/DL_reg[2] {FDCE}
	ma/DL_reg[31] {FDCE}
	ma/DL_reg[35] {FDCE}
	ma/DL_reg[36] {FDCE}
	ma/DL_reg[38] {FDCE}
WARNING: [Place 30-568] A LUT 'cc/b/c0/cp_INST_0' is driving clock pin of 56 registers. This could lead to large hold time violations. First few involved registers are:
	b/DL_reg[13] {FDCE}
	b/DL_reg[19] {FDCE}
	b/DL_reg[16] {FDCE}
	b/DL_reg[22] {FDCE}
	b/DL_reg[12] {FDCE}
WARNING: [Place 30-568] A LUT 'cc/fp/c0/cp_INST_0' is driving clock pin of 95 registers. This could lead to large hold time violations. First few involved registers are:
	fp/DL_reg[30] {FDCE}
	fp/DL_reg[13] {FDCE}
	fp/DL_reg[16] {FDCE}
	fp/DL_reg[17] {FDCE}
	fp/DL_reg[18] {FDCE}
WARNING: [Place 30-568] A LUT 'cc/mmram/c0/cp_INST_0' is driving clock pin of 57 registers. This could lead to large hold time violations. First few involved registers are:
	cc/mmram/DL_reg {FDCE}
	mmram/DL_reg[19] {FDCE}
	mmram/DL_reg[1] {FDPE}
	mmram/DL_reg[3] {FDCE}
	mmram/DL_reg[43] {FDCE}
WARNING: [Place 30-568] A LUT 'cc/m/CJ2/cp_INST_0' is driving clock pin of 54 registers. This could lead to large hold time violations. First few involved registers are:
	m/DL_INTERNAL_reg[46] {FDCE}
	m/DL_INTERNAL_reg[9] {FDCE}
	m/DL_INTERNAL_reg[39] {FDCE}
	m/DL_INTERNAL_reg[52] {FDCE}
	m/DL_INTERNAL_reg[42] {FDCE}
Phase 1.2 IO Placement/ Clock Placement/ Build Placer Device | Checksum: 8fd793a7

Time (s): cpu = 00:00:01 ; elapsed = 00:00:00.717 . Memory (MB): peak = 1964.949 ; gain = 0.000

Phase 1.3 Build Placer Netlist Model
Phase 1.3 Build Placer Netlist Model | Checksum: f86ba76d

Time (s): cpu = 00:00:01 ; elapsed = 00:00:00.958 . Memory (MB): peak = 1964.949 ; gain = 0.000

Phase 1.4 Constrain Clocks/Macros
Phase 1.4 Constrain Clocks/Macros | Checksum: f86ba76d

Time (s): cpu = 00:00:01 ; elapsed = 00:00:00.973 . Memory (MB): peak = 1964.949 ; gain = 0.000
Phase 1 Placer Initialization | Checksum: f86ba76d

Time (s): cpu = 00:00:01 ; elapsed = 00:00:00.983 . Memory (MB): peak = 1964.949 ; gain = 0.000

Phase 2 Global Placement

Phase 2.1 Floorplanning
Phase 2.1 Floorplanning | Checksum: f86ba76d

Time (s): cpu = 00:00:01 ; elapsed = 00:00:00.997 . Memory (MB): peak = 1964.949 ; gain = 0.000

Phase 2.2 Update Timing before SLR Path Opt
Phase 2.2 Update Timing before SLR Path Opt | Checksum: f86ba76d

Time (s): cpu = 00:00:01 ; elapsed = 00:00:01 . Memory (MB): peak = 1964.949 ; gain = 0.000

Phase 2.3 Post-Processing in Floorplanning
Phase 2.3 Post-Processing in Floorplanning | Checksum: f86ba76d

Time (s): cpu = 00:00:01 ; elapsed = 00:00:01 . Memory (MB): peak = 1964.949 ; gain = 0.000

Phase 2.4 Global Place Phase1
Phase 2.4 Global Place Phase1 | Checksum: ed2c1c4e

Time (s): cpu = 00:00:06 ; elapsed = 00:00:04 . Memory (MB): peak = 1964.949 ; gain = 0.000

Phase 2.5 Global Place Phase2
WARNING: [Place 46-29] Timing had been disabled during Placer and, therefore, physical synthesis in Placer will be skipped.
Phase 2.5 Global Place Phase2 | Checksum: c8982c57

Time (s): cpu = 00:00:06 ; elapsed = 00:00:04 . Memory (MB): peak = 1964.949 ; gain = 0.000
Phase 2 Global Placement | Checksum: c8982c57

Time (s): cpu = 00:00:06 ; elapsed = 00:00:04 . Memory (MB): peak = 1964.949 ; gain = 0.000

Phase 3 Detail Placement

Phase 3.1 Commit Multi Column Macros
Phase 3.1 Commit Multi Column Macros | Checksum: c8982c57

Time (s): cpu = 00:00:06 ; elapsed = 00:00:04 . Memory (MB): peak = 1964.949 ; gain = 0.000

Phase 3.2 Commit Most Macros & LUTRAMs
Phase 3.2 Commit Most Macros & LUTRAMs | Checksum: 1c36afe9e

Time (s): cpu = 00:00:06 ; elapsed = 00:00:04 . Memory (MB): peak = 1964.949 ; gain = 0.000

Phase 3.3 Area Swap Optimization
Phase 3.3 Area Swap Optimization | Checksum: 19ee86045

Time (s): cpu = 00:00:06 ; elapsed = 00:00:04 . Memory (MB): peak = 1964.949 ; gain = 0.000

Phase 3.4 Pipeline Register Optimization
Phase 3.4 Pipeline Register Optimization | Checksum: 19ee86045

Time (s): cpu = 00:00:06 ; elapsed = 00:00:04 . Memory (MB): peak = 1964.949 ; gain = 0.000

Phase 3.5 Small Shape Detail Placement
Phase 3.5 Small Shape Detail Placement | Checksum: 1c944fe11

Time (s): cpu = 00:00:08 ; elapsed = 00:00:06 . Memory (MB): peak = 1964.949 ; gain = 0.000

Phase 3.6 Re-assign LUT pins
Phase 3.6 Re-assign LUT pins | Checksum: 1c944fe11

Time (s): cpu = 00:00:09 ; elapsed = 00:00:07 . Memory (MB): peak = 1964.949 ; gain = 0.000

Phase 3.7 Pipeline Register Optimization
Phase 3.7 Pipeline Register Optimization | Checksum: 1c944fe11

Time (s): cpu = 00:00:09 ; elapsed = 00:00:07 . Memory (MB): peak = 1964.949 ; gain = 0.000
Phase 3 Detail Placement | Checksum: 1c944fe11

Time (s): cpu = 00:00:09 ; elapsed = 00:00:07 . Memory (MB): peak = 1964.949 ; gain = 0.000

Phase 4 Post Placement Optimization and Clean-Up

Phase 4.1 Post Commit Optimization
Phase 4.1 Post Commit Optimization | Checksum: 1c944fe11

Time (s): cpu = 00:00:09 ; elapsed = 00:00:07 . Memory (MB): peak = 1964.949 ; gain = 0.000

Phase 4.2 Post Placement Cleanup
Phase 4.2 Post Placement Cleanup | Checksum: 1c944fe11

Time (s): cpu = 00:00:09 ; elapsed = 00:00:07 . Memory (MB): peak = 1964.949 ; gain = 0.000

Phase 4.3 Placer Reporting

Phase 4.3.1 Print Estimated Congestion
INFO: [Place 30-612] Post-Placement Estimated Congestion 
 ____________________________________________________
|           | Global Congestion | Short Congestion  |
| Direction | Region Size       | Region Size       |
|___________|___________________|___________________|
|      North|                1x1|                1x1|
|___________|___________________|___________________|
|      South|                1x1|                1x1|
|___________|___________________|___________________|
|       East|                1x1|                1x1|
|___________|___________________|___________________|
|       West|                1x1|                1x1|
|___________|___________________|___________________|

Phase 4.3.1 Print Estimated Congestion | Checksum: 1c944fe11

Time (s): cpu = 00:00:09 ; elapsed = 00:00:07 . Memory (MB): peak = 1964.949 ; gain = 0.000
Phase 4.3 Placer Reporting | Checksum: 1c944fe11

Time (s): cpu = 00:00:09 ; elapsed = 00:00:07 . Memory (MB): peak = 1964.949 ; gain = 0.000

Phase 4.4 Final Placement Cleanup
Netlist sorting complete. Time (s): cpu = 00:00:00 ; elapsed = 00:00:00.004 . Memory (MB): peak = 1964.949 ; gain = 0.000

Time (s): cpu = 00:00:09 ; elapsed = 00:00:07 . Memory (MB): peak = 1964.949 ; gain = 0.000
Phase 4 Post Placement Optimization and Clean-Up | Checksum: 1d8a4741a

Time (s): cpu = 00:00:09 ; elapsed = 00:00:07 . Memory (MB): peak = 1964.949 ; gain = 0.000
Ending Placer Task | Checksum: 13c462aca

Time (s): cpu = 00:00:09 ; elapsed = 00:00:07 . Memory (MB): peak = 1964.949 ; gain = 0.000
61 Infos, 13 Warnings, 0 Critical Warnings and 0 Errors encountered.
place_design completed successfully
place_design: Time (s): cpu = 00:00:11 ; elapsed = 00:00:08 . Memory (MB): peak = 1964.949 ; gain = 0.000
INFO: [Vivado 12-24838] Running report commands "report_control_sets, report_io, report_utilization" in parallel.
Running report generation with 2 threads.
INFO: [Vivado 12-24828] Executing command : report_utilization -file DDP_utilization_placed.rpt -pb DDP_utilization_placed.pb
INFO: [Vivado 12-24828] Executing command : report_control_sets -verbose -file DDP_control_sets_placed.rpt
report_control_sets: Time (s): cpu = 00:00:00 ; elapsed = 00:00:00.019 . Memory (MB): peak = 1964.949 ; gain = 0.000
INFO: [Vivado 12-24828] Executing command : report_io -file DDP_io_placed.rpt
report_io: Time (s): cpu = 00:00:01 ; elapsed = 00:00:00.243 . Memory (MB): peak = 1964.949 ; gain = 0.000
INFO: [Timing 38-480] Writing timing data to binary archive.
Wrote PlaceDB: Time (s): cpu = 00:00:00 ; elapsed = 00:00:00 . Memory (MB): peak = 1964.949 ; gain = 0.000
Wrote PulsedLatchDB: Time (s): cpu = 00:00:00 ; elapsed = 00:00:00 . Memory (MB): peak = 1964.949 ; gain = 0.000
Writing XDEF routing.
Write ShapeDB Complete: Time (s): cpu = 00:00:00 ; elapsed = 00:00:00.010 . Memory (MB): peak = 1964.949 ; gain = 0.000
Writing XDEF routing logical nets.
Writing XDEF routing special nets.
Wrote RouteStorage: Time (s): cpu = 00:00:00 ; elapsed = 00:00:00.033 . Memory (MB): peak = 1964.949 ; gain = 0.000
Wrote PlaceStorage: Time (s): cpu = 00:00:01 ; elapsed = 00:00:00.321 . Memory (MB): peak = 1964.949 ; gain = 0.000
Wrote Netlist Cache: Time (s): cpu = 00:00:00 ; elapsed = 00:00:00.006 . Memory (MB): peak = 1964.949 ; gain = 0.000
Wrote Device Cache: Time (s): cpu = 00:00:00 ; elapsed = 00:00:00.009 . Memory (MB): peak = 1964.949 ; gain = 0.000
Write Physdb Complete: Time (s): cpu = 00:00:01 ; elapsed = 00:00:00.377 . Memory (MB): peak = 1964.949 ; gain = 0.000
INFO: [Common 17-1381] The checkpoint 'C:/lab/4B_Research/FIR_DDP/DDP_FIR_32bit/Matuzaka_DDP_32bit.runs/impl_1/DDP_placed.dcp' has been generated.
Command: phys_opt_design
Attempting to get a license for feature 'Implementation' and/or device 'xc7z020i'
INFO: [Common 17-349] Got license for feature 'Implementation' and/or device 'xc7z020i'

Starting Initial Update Timing Task

Time (s): cpu = 00:00:01 ; elapsed = 00:00:00.281 . Memory (MB): peak = 1964.949 ; gain = 0.000
INFO: [Vivado_Tcl 4-235] No timing constraint found. The netlist was not modified.
INFO: [Common 17-83] Releasing license: Implementation
70 Infos, 13 Warnings, 0 Critical Warnings and 0 Errors encountered.
phys_opt_design completed successfully
INFO: [Timing 38-480] Writing timing data to binary archive.
Wrote PlaceDB: Time (s): cpu = 00:00:00 ; elapsed = 00:00:00 . Memory (MB): peak = 1964.949 ; gain = 0.000
Wrote PulsedLatchDB: Time (s): cpu = 00:00:00 ; elapsed = 00:00:00.001 . Memory (MB): peak = 1964.949 ; gain = 0.000
Writing XDEF routing.
Write ShapeDB Complete: Time (s): cpu = 00:00:00 ; elapsed = 00:00:00.012 . Memory (MB): peak = 1964.949 ; gain = 0.000
Writing XDEF routing logical nets.
Writing XDEF routing special nets.
Wrote RouteStorage: Time (s): cpu = 00:00:00 ; elapsed = 00:00:00.030 . Memory (MB): peak = 1964.949 ; gain = 0.000
Wrote PlaceStorage: Time (s): cpu = 00:00:01 ; elapsed = 00:00:00.297 . Memory (MB): peak = 1964.949 ; gain = 0.000
Wrote Netlist Cache: Time (s): cpu = 00:00:00 ; elapsed = 00:00:00.008 . Memory (MB): peak = 1964.949 ; gain = 0.000
Wrote Device Cache: Time (s): cpu = 00:00:00 ; elapsed = 00:00:00.012 . Memory (MB): peak = 1964.949 ; gain = 0.000
Write Physdb Complete: Time (s): cpu = 00:00:01 ; elapsed = 00:00:00.357 . Memory (MB): peak = 1964.949 ; gain = 0.000
INFO: [Common 17-1381] The checkpoint 'C:/lab/4B_Research/FIR_DDP/DDP_FIR_32bit/Matuzaka_DDP_32bit.runs/impl_1/DDP_physopt.dcp' has been generated.
Command: route_design
Attempting to get a license for feature 'Implementation' and/or device 'xc7z020i'
INFO: [Common 17-349] Got license for feature 'Implementation' and/or device 'xc7z020i'


Starting Routing Task
INFO: [Route 35-254] Multithreading enabled for route_design using a maximum of 2 CPUs

Phase 1 Build RT Design
Checksum: PlaceDB: b6b65a4b ConstDB: 0 ShapeSum: 6f965d8f RouteDB: 15f972f0
Post Restoration Checksum: NetGraph: d6c8d5 | NumContArr: 2f956592 | Constraints: c2a8fa9d | Timing: c2a8fa9d
Phase 1 Build RT Design | Checksum: 1b5be23a1

Time (s): cpu = 00:00:27 ; elapsed = 00:00:23 . Memory (MB): peak = 1964.949 ; gain = 0.000

Phase 2 Router Initialization
INFO: [Route 35-64] No timing constraints were detected. The router will operate in resource-optimization mode.

Phase 2.1 Fix Topology Constraints
Phase 2.1 Fix Topology Constraints | Checksum: 1b5be23a1

Time (s): cpu = 00:00:27 ; elapsed = 00:00:24 . Memory (MB): peak = 1964.949 ; gain = 0.000

Phase 2.2 Pre Route Cleanup
Phase 2.2 Pre Route Cleanup | Checksum: 1b5be23a1

Time (s): cpu = 00:00:27 ; elapsed = 00:00:24 . Memory (MB): peak = 1964.949 ; gain = 0.000
 Number of Nodes with overlaps = 0

Router Utilization Summary
  Global Vertical Routing Utilization    = 0 %
  Global Horizontal Routing Utilization  = 0 %
  Routable Net Status*
  *Does not include unroutable nets such as driverless and loadless.
  Run report_route_status for detailed report.
  Number of Failed Nets               = 5093
    (Failed Nets is the sum of unrouted and partially routed nets)
  Number of Unrouted Nets             = 5093
  Number of Partially Routed Nets     = 0
  Number of Node Overlaps             = 0

Phase 2 Router Initialization | Checksum: 2b876f3a0

Time (s): cpu = 00:00:28 ; elapsed = 00:00:24 . Memory (MB): peak = 1964.949 ; gain = 0.000

Phase 3 Global Routing
Phase 3 Global Routing | Checksum: 2b876f3a0

Time (s): cpu = 00:00:28 ; elapsed = 00:00:24 . Memory (MB): peak = 1964.949 ; gain = 0.000

Phase 4 Initial Routing

Phase 4.1 Initial Net Routing Pass
Phase 4.1 Initial Net Routing Pass | Checksum: 2a5c8f07b

Time (s): cpu = 00:00:29 ; elapsed = 00:00:25 . Memory (MB): peak = 1964.949 ; gain = 0.000
Phase 4 Initial Routing | Checksum: 2a5c8f07b

Time (s): cpu = 00:00:29 ; elapsed = 00:00:25 . Memory (MB): peak = 1964.949 ; gain = 0.000

Phase 5 Rip-up And Reroute

Phase 5.1 Global Iteration 0
 Number of Nodes with overlaps = 277
 Number of Nodes with overlaps = 0
Phase 5.1 Global Iteration 0 | Checksum: 23e2f7c39

Time (s): cpu = 00:00:30 ; elapsed = 00:00:26 . Memory (MB): peak = 1964.949 ; gain = 0.000
Phase 5 Rip-up And Reroute | Checksum: 23e2f7c39

Time (s): cpu = 00:00:30 ; elapsed = 00:00:26 . Memory (MB): peak = 1964.949 ; gain = 0.000

Phase 6 Delay and Skew Optimization
Phase 6 Delay and Skew Optimization | Checksum: 23e2f7c39

Time (s): cpu = 00:00:30 ; elapsed = 00:00:26 . Memory (MB): peak = 1964.949 ; gain = 0.000

Phase 7 Post Hold Fix

Phase 7.1 Hold Fix Iter
Phase 7.1 Hold Fix Iter | Checksum: 23e2f7c39

Time (s): cpu = 00:00:30 ; elapsed = 00:00:26 . Memory (MB): peak = 1964.949 ; gain = 0.000
Phase 7 Post Hold Fix | Checksum: 23e2f7c39

Time (s): cpu = 00:00:30 ; elapsed = 00:00:26 . Memory (MB): peak = 1964.949 ; gain = 0.000

Phase 8 Route finalize

Router Utilization Summary
  Global Vertical Routing Utilization    = 1.00782 %
  Global Horizontal Routing Utilization  = 1.06542 %
  Routable Net Status*
  *Does not include unroutable nets such as driverless and loadless.
  Run report_route_status for detailed report.
  Number of Failed Nets               = 0
    (Failed Nets is the sum of unrouted and partially routed nets)
  Number of Unrouted Nets             = 0
  Number of Partially Routed Nets     = 0
  Number of Node Overlaps             = 0


--GLOBAL Congestion:
Utilization threshold used for congestion level computation: 0.85
Congestion Report
North Dir 1x1 Area, Max Cong = 53.1532%, No Congested Regions.
South Dir 1x1 Area, Max Cong = 42.3423%, No Congested Regions.
East Dir 1x1 Area, Max Cong = 42.6471%, No Congested Regions.
West Dir 1x1 Area, Max Cong = 36.7647%, No Congested Regions.

------------------------------
Reporting congestion hotspots
------------------------------
Direction: North
----------------
Congested clusters found at Level 0
Effective congestion level: 0 Aspect Ratio: 1 Sparse Ratio: 0
Direction: South
----------------
Congested clusters found at Level 0
Effective congestion level: 0 Aspect Ratio: 1 Sparse Ratio: 0
Direction: East
----------------
Congested clusters found at Level 0
Effective congestion level: 0 Aspect Ratio: 1 Sparse Ratio: 0
Direction: West
----------------
Congested clusters found at Level 0
Effective congestion level: 0 Aspect Ratio: 1 Sparse Ratio: 0

Phase 8 Route finalize | Checksum: 23e2f7c39

Time (s): cpu = 00:00:30 ; elapsed = 00:00:26 . Memory (MB): peak = 1964.949 ; gain = 0.000

Phase 9 Verifying routed nets

 Verification completed successfully
Phase 9 Verifying routed nets | Checksum: 23e2f7c39

Time (s): cpu = 00:00:31 ; elapsed = 00:00:26 . Memory (MB): peak = 1964.949 ; gain = 0.000

Phase 10 Depositing Routes
Phase 10 Depositing Routes | Checksum: 2c5d18401

Time (s): cpu = 00:00:32 ; elapsed = 00:00:27 . Memory (MB): peak = 1964.949 ; gain = 0.000

Phase 11 Post Process Routing
Phase 11 Post Process Routing | Checksum: 2c5d18401

Time (s): cpu = 00:00:32 ; elapsed = 00:00:27 . Memory (MB): peak = 1964.949 ; gain = 0.000
Total Elapsed time in route_design: 26.652 secs

Phase 12 Post-Route Event Processing
Phase 12 Post-Route Event Processing | Checksum: 1af200863

Time (s): cpu = 00:00:32 ; elapsed = 00:00:27 . Memory (MB): peak = 1964.949 ; gain = 0.000
INFO: [Route 35-16] Router Completed Successfully
Ending Routing Task | Checksum: 1af200863

Time (s): cpu = 00:00:32 ; elapsed = 00:00:27 . Memory (MB): peak = 1964.949 ; gain = 0.000

Routing Is Done.
INFO: [Common 17-83] Releasing license: Implementation
77 Infos, 13 Warnings, 0 Critical Warnings and 0 Errors encountered.
route_design completed successfully
route_design: Time (s): cpu = 00:00:32 ; elapsed = 00:00:27 . Memory (MB): peak = 1964.949 ; gain = 0.000
INFO: [Vivado 12-24828] Executing command : report_drc -file DDP_drc_routed.rpt -pb DDP_drc_routed.pb -rpx DDP_drc_routed.rpx
Command: report_drc -file DDP_drc_routed.rpt -pb DDP_drc_routed.pb -rpx DDP_drc_routed.rpx
INFO: [IP_Flow 19-1839] IP Catalog is up to date.
INFO: [DRC 23-27] Running DRC with 2 threads
INFO: [Vivado_Tcl 2-168] The results of DRC are in file C:/lab/4B_Research/FIR_DDP/DDP_FIR_32bit/Matuzaka_DDP_32bit.runs/impl_1/DDP_drc_routed.rpt.
report_drc completed successfully
INFO: [Vivado 12-24828] Executing command : report_methodology -file DDP_methodology_drc_routed.rpt -pb DDP_methodology_drc_routed.pb -rpx DDP_methodology_drc_routed.rpx
Command: report_methodology -file DDP_methodology_drc_routed.rpt -pb DDP_methodology_drc_routed.pb -rpx DDP_methodology_drc_routed.rpx
INFO: [Timing 38-35] Done setting XDC timing constraints.
INFO: [DRC 23-133] Running Methodology with 2 threads
INFO: [Vivado_Tcl 2-1520] The results of Report Methodology are in file C:/lab/4B_Research/FIR_DDP/DDP_FIR_32bit/Matuzaka_DDP_32bit.runs/impl_1/DDP_methodology_drc_routed.rpt.
report_methodology completed successfully
INFO: [Vivado 12-24828] Executing command : report_timing_summary -max_paths 10 -routable_nets -report_unconstrained -file DDP_timing_summary_routed.rpt -pb DDP_timing_summary_routed.pb -rpx DDP_timing_summary_routed.rpx -warn_on_violation 
INFO: [Timing 38-35] Done setting XDC timing constraints.
INFO: [Timing 38-91] UpdateTimingParams: Speed grade: -1L, Delay Type: min_max.
INFO: [Timing 38-191] Multithreading enabled for timing update using a maximum of 2 CPUs
WARNING: [Timing 38-313] There are no user specified timing constraints. Timing constraints are needed for proper timing analysis.
INFO: [Vivado 12-24838] Running report commands "report_incremental_reuse, report_route_status" in parallel.
Running report generation with 2 threads.
INFO: [Vivado 12-24828] Executing command : report_incremental_reuse -file DDP_incremental_reuse_routed.rpt
INFO: [Vivado_Tcl 4-1062] Incremental flow is disabled. No incremental reuse Info to report.
INFO: [Vivado 12-24828] Executing command : report_route_status -file DDP_route_status.rpt -pb DDP_route_status.pb
INFO: [Vivado 12-24828] Executing command : report_power -file DDP_power_routed.rpt -pb DDP_power_summary_routed.pb -rpx DDP_power_routed.rpx
Command: report_power -file DDP_power_routed.rpt -pb DDP_power_summary_routed.pb -rpx DDP_power_routed.rpx
WARNING: [Power 33-232] No user defined clocks were found in the design! Power estimation will be inaccurate until this is corrected.
Resolution: Please specify clocks using create_clock/create_generated_clock for sequential elements. For pure combinatorial circuits, please specify a virtual clock, otherwise the vectorless estimation might be inaccurate
Running Vector-less Activity Propagation...

Finished Running Vector-less Activity Propagation
94 Infos, 15 Warnings, 0 Critical Warnings and 0 Errors encountered.
report_power completed successfully
INFO: [Vivado 12-24828] Executing command : report_clock_utilization -file DDP_clock_utilization_routed.rpt
INFO: [Vivado 12-24828] Executing command : report_bus_skew -warn_on_violation -file DDP_bus_skew_routed.rpt -pb DDP_bus_skew_routed.pb -rpx DDP_bus_skew_routed.rpx
INFO: [Timing 38-91] UpdateTimingParams: Speed grade: -1L, Delay Type: min_max.
INFO: [Timing 38-191] Multithreading enabled for timing update using a maximum of 2 CPUs
generate_parallel_reports: Time (s): cpu = 00:00:11 ; elapsed = 00:00:08 . Memory (MB): peak = 1964.949 ; gain = 0.000
INFO: [Timing 38-480] Writing timing data to binary archive.
Wrote PlaceDB: Time (s): cpu = 00:00:00 ; elapsed = 00:00:00 . Memory (MB): peak = 1964.949 ; gain = 0.000
Wrote PulsedLatchDB: Time (s): cpu = 00:00:00 ; elapsed = 00:00:00 . Memory (MB): peak = 1964.949 ; gain = 0.000
Writing XDEF routing.
Write ShapeDB Complete: Time (s): cpu = 00:00:00 ; elapsed = 00:00:00.008 . Memory (MB): peak = 1964.949 ; gain = 0.000
Writing XDEF routing logical nets.
Writing XDEF routing special nets.
Wrote RouteStorage: Time (s): cpu = 00:00:01 ; elapsed = 00:00:00.094 . Memory (MB): peak = 1964.949 ; gain = 0.000
Wrote PlaceStorage: Time (s): cpu = 00:00:01 ; elapsed = 00:00:00.299 . Memory (MB): peak = 1964.949 ; gain = 0.000
Wrote Netlist Cache: Time (s): cpu = 00:00:00 ; elapsed = 00:00:00.006 . Memory (MB): peak = 1964.949 ; gain = 0.000
Wrote Device Cache: Time (s): cpu = 00:00:00 ; elapsed = 00:00:00.010 . Memory (MB): peak = 1964.949 ; gain = 0.000
Write Physdb Complete: Time (s): cpu = 00:00:02 ; elapsed = 00:00:00.420 . Memory (MB): peak = 1964.949 ; gain = 0.000
INFO: [Common 17-1381] The checkpoint 'C:/lab/4B_Research/FIR_DDP/DDP_FIR_32bit/Matuzaka_DDP_32bit.runs/impl_1/DDP_routed.dcp' has been generated.
INFO: [Common 17-206] Exiting Vivado at Wed Sep 16 17:52:43 2026...
