Copyright 1986-2022 Xilinx, Inc. All Rights Reserved. Copyright 2022-2025 Advanced Micro Devices, Inc. All Rights Reserved.
-------------------------------------------------------------------------------------------------------------------------------------------------
| Tool Version     : Vivado v.2025.2 (win64) Build 6299465 Fri Nov 14 19:35:11 GMT 2025
| Date             : Thu Sep 17 12:28:41 2026
| Host             : DESKTOP-F8PDQQS running 64-bit major release  (build 9200)
| Command          : report_power -file DDP_power_routed.rpt -pb DDP_power_summary_routed.pb -rpx DDP_power_routed.rpx
| Design           : DDP
| Device           : xc7z020clg484-1
| Design State     : routed
| Grade            : commercial
| Process          : typical
| Characterization : Production
-------------------------------------------------------------------------------------------------------------------------------------------------

Power Report

Table of Contents
-----------------
1. Summary
1.1 On-Chip Components
1.2 Power Supply Summary
1.3 Confidence Level
2. Settings
2.1 Environment
2.2 Clock Constraints
3. Detailed Reports
3.1 By Hierarchy

1. Summary
----------

+--------------------------+----------------------------------+
| Total On-Chip Power (W)  | 63.002 (Junction temp exceeded!) |
| Design Power Budget (W)  | Unspecified*                     |
| Power Budget Margin (W)  | NA                               |
| Dynamic (W)              | 61.956                           |
| Device Static (W)        | 1.045                            |
| Effective TJA (C/W)      | 11.5                             |
| Max Ambient (C)          | 0.0                              |
| Junction Temperature (C) | 125.0                            |
| Confidence Level         | Low                              |
| Setting File             | ---                              |
| Simulation Activity File | ---                              |
| Design Nets Matched      | NA                               |
+--------------------------+----------------------------------+
* Specify Design Power Budget using, set_operating_conditions -design_power_budget <value in Watts>


1.1 On-Chip Components
----------------------

+----------------+-----------+----------+-----------+-----------------+
| On-Chip        | Power (W) | Used     | Available | Utilization (%) |
+----------------+-----------+----------+-----------+-----------------+
| Slice Logic    |    15.671 |     4304 |       --- |             --- |
|   LUT as Logic |    15.119 |     2019 |     53200 |            3.80 |
|   Register     |     0.327 |     1722 |    106400 |            1.62 |
|   CARRY4       |     0.184 |      154 |     13300 |            1.16 |
|   F7/F8 Muxes  |     0.041 |       17 |     53200 |            0.03 |
|   Others       |     0.000 |      166 |       --- |             --- |
| Signals        |    20.704 |     3554 |       --- |             --- |
| Block RAM      |     0.819 |      2.5 |       140 |            1.79 |
| DSPs           |     1.080 |        1 |       220 |            0.45 |
| I/O            |    23.682 |       81 |       200 |           40.50 |
| Static Power   |     1.045 |          |           |                 |
| Total          |    63.002 |          |           |                 |
+----------------+-----------+----------+-----------+-----------------+


1.2 Power Supply Summary
------------------------

+-----------+-------------+-----------+-------------+------------+-------------+-------------+------------+
| Source    | Voltage (V) | Total (A) | Dynamic (A) | Static (A) | Powerup (A) | Budget (A)  | Margin (A) |
+-----------+-------------+-----------+-------------+------------+-------------+-------------+------------+
| Vccint    |       1.000 |    38.676 |      38.374 |      0.301 |       NA    | Unspecified | NA         |
| Vccaux    |       1.800 |     2.025 |       1.926 |      0.100 |       NA    | Unspecified | NA         |
| Vcco33    |       3.300 |     0.000 |       0.000 |      0.000 |       NA    | Unspecified | NA         |
| Vcco25    |       2.500 |     0.000 |       0.000 |      0.000 |       NA    | Unspecified | NA         |
| Vcco18    |       1.800 |    11.143 |      11.142 |      0.001 |       NA    | Unspecified | NA         |
| Vcco15    |       1.500 |     0.000 |       0.000 |      0.000 |       NA    | Unspecified | NA         |
| Vcco135   |       1.350 |     0.000 |       0.000 |      0.000 |       NA    | Unspecified | NA         |
| Vcco12    |       1.200 |     0.000 |       0.000 |      0.000 |       NA    | Unspecified | NA         |
| Vccaux_io |       1.800 |     0.000 |       0.000 |      0.000 |       NA    | Unspecified | NA         |
| Vccbram   |       1.000 |     0.089 |       0.060 |      0.029 |       NA    | Unspecified | NA         |
| MGTAVcc   |       1.000 |     0.000 |       0.000 |      0.000 |       NA    | Unspecified | NA         |
| MGTAVtt   |       1.200 |     0.000 |       0.000 |      0.000 |       NA    | Unspecified | NA         |
| MGTVccaux |       1.800 |     0.000 |       0.000 |      0.000 |       NA    | Unspecified | NA         |
| Vccpint   |       1.000 |     0.473 |       0.000 |      0.473 |       NA    | Unspecified | NA         |
| Vccpaux   |       1.800 |     0.010 |       0.000 |      0.010 |       NA    | Unspecified | NA         |
| Vccpll    |       1.800 |     0.003 |       0.000 |      0.003 |       NA    | Unspecified | NA         |
| Vcco_ddr  |       1.500 |     0.000 |       0.000 |      0.000 |       NA    | Unspecified | NA         |
| Vcco_mio0 |       1.800 |     0.000 |       0.000 |      0.000 |       NA    | Unspecified | NA         |
| Vcco_mio1 |       1.800 |     0.000 |       0.000 |      0.000 |       NA    | Unspecified | NA         |
| Vccadc    |       1.800 |     0.020 |       0.000 |      0.020 |       NA    | Unspecified | NA         |
+-----------+-------------+-----------+-------------+------------+-------------+-------------+------------+


1.3 Confidence Level
--------------------

+-----------------------------+------------+--------------------------------------------------------+--------------------------------------------------------------------------------------------------------------------+
| User Input Data             | Confidence | Details                                                | Action                                                                                                             |
+-----------------------------+------------+--------------------------------------------------------+--------------------------------------------------------------------------------------------------------------------+
| Design implementation state | High       | Design is routed                                       |                                                                                                                    |
| Clock nodes activity        | Low        | User specified less than 75% of clocks                 | Provide missing clock activity with a constraint file, simulation results or by editing the "By Clock Domain" view |
| I/O nodes activity          | Low        | More than 75% of inputs are missing user specification | Provide missing input activity with simulation results or by editing the "By Resource Type -> I/Os" view           |
| Internal nodes activity     | Medium     | User specified less than 25% of internal nodes         | Provide missing internal nodes activity with simulation results or by editing the "By Resource Type" views         |
| Device models               | High       | Device models are Production                           |                                                                                                                    |
|                             |            |                                                        |                                                                                                                    |
| Overall confidence level    | Low        |                                                        |                                                                                                                    |
+-----------------------------+------------+--------------------------------------------------------+--------------------------------------------------------------------------------------------------------------------+


2. Settings
-----------

2.1 Environment
---------------

+-----------------------+------------------------+
| Ambient Temp (C)      | 25.0                   |
| ThetaJA (C/W)         | 11.5                   |
| Airflow (LFM)         | 250                    |
| Heat Sink             | none                   |
| ThetaSA (C/W)         | 0.0                    |
| Board Selection       | medium (10"x10")       |
| # of Board Layers     | 8to11 (8 to 11 Layers) |
| Board Temperature (C) | 25.0                   |
+-----------------------+------------------------+


2.2 Clock Constraints
---------------------

+-------+--------+-----------------+
| Clock | Domain | Constraint (ns) |
+-------+--------+-----------------+


3. Detailed Reports
-------------------

3.1 By Hierarchy
----------------

+--------------------------------+-----------+
| Name                           | Power (W) |
+--------------------------------+-----------+
| DDP                            |    61.956 |
|   B_Stage                      |     0.699 |
|     cb7                        |     0.122 |
|       CF1                      |     0.105 |
|     subps                      |     0.080 |
|       U0                       |     0.080 |
|   C10                          |     0.119 |
|     delay1                     |     0.020 |
|     delay2                     |     0.022 |
|     delay3                     |     0.011 |
|     delay4                     |     0.012 |
|   COPY_Stage                   |     0.791 |
|     cx2_6                      |     0.245 |
|       cf0                      |     0.111 |
|       cf1                      |     0.069 |
|       dl1s                     |     0.013 |
|   FP_Stage                     |    19.660 |
|     alu0                       |    15.809 |
|     ce4                        |     0.177 |
|       cf0                      |     0.165 |
|   MA_Stage                     |     1.179 |
|     c5                         |     0.201 |
|       delay1                   |     0.035 |
|       delay2                   |     0.033 |
|       delay3                   |     0.015 |
|       delay4                   |     0.014 |
|     dmem                       |     0.213 |
|       U0                       |     0.213 |
|   MMCAM                        |     3.992 |
|     ENTRY_FD_GEN[0].entry_fd0  |     0.047 |
|     ENTRY_FD_GEN[10].entry_fd0 |     0.045 |
|     ENTRY_FD_GEN[11].entry_fd0 |     0.047 |
|     ENTRY_FD_GEN[12].entry_fd0 |     0.046 |
|     ENTRY_FD_GEN[13].entry_fd0 |     0.044 |
|     ENTRY_FD_GEN[14].entry_fd0 |     0.047 |
|     ENTRY_FD_GEN[15].entry_fd0 |     0.041 |
|     ENTRY_FD_GEN[16].entry_fd0 |     0.049 |
|     ENTRY_FD_GEN[17].entry_fd0 |     0.043 |
|     ENTRY_FD_GEN[18].entry_fd0 |     0.048 |
|     ENTRY_FD_GEN[19].entry_fd0 |     0.046 |
|     ENTRY_FD_GEN[1].entry_fd0  |     0.046 |
|     ENTRY_FD_GEN[20].entry_fd0 |     0.048 |
|     ENTRY_FD_GEN[21].entry_fd0 |     0.046 |
|     ENTRY_FD_GEN[22].entry_fd0 |     0.045 |
|     ENTRY_FD_GEN[23].entry_fd0 |     0.048 |
|     ENTRY_FD_GEN[24].entry_fd0 |     0.049 |
|     ENTRY_FD_GEN[25].entry_fd0 |     0.043 |
|     ENTRY_FD_GEN[26].entry_fd0 |     0.051 |
|     ENTRY_FD_GEN[27].entry_fd0 |     0.047 |
|     ENTRY_FD_GEN[28].entry_fd0 |     0.046 |
|     ENTRY_FD_GEN[29].entry_fd0 |     0.045 |
|     ENTRY_FD_GEN[2].entry_fd0  |     0.040 |
|     ENTRY_FD_GEN[30].entry_fd0 |     0.046 |
|     ENTRY_FD_GEN[31].entry_fd0 |     0.048 |
|     ENTRY_FD_GEN[32].entry_fd0 |     0.039 |
|     ENTRY_FD_GEN[33].entry_fd0 |     0.043 |
|     ENTRY_FD_GEN[34].entry_fd0 |     0.043 |
|     ENTRY_FD_GEN[35].entry_fd0 |     0.049 |
|     ENTRY_FD_GEN[36].entry_fd0 |     0.043 |
|     ENTRY_FD_GEN[37].entry_fd0 |     0.042 |
|     ENTRY_FD_GEN[38].entry_fd0 |     0.041 |
|     ENTRY_FD_GEN[39].entry_fd0 |     0.043 |
|     ENTRY_FD_GEN[3].entry_fd0  |     0.044 |
|     ENTRY_FD_GEN[40].entry_fd0 |     0.046 |
|     ENTRY_FD_GEN[41].entry_fd0 |     0.045 |
|     ENTRY_FD_GEN[42].entry_fd0 |     0.044 |
|     ENTRY_FD_GEN[43].entry_fd0 |     0.047 |
|     ENTRY_FD_GEN[44].entry_fd0 |     0.043 |
|     ENTRY_FD_GEN[45].entry_fd0 |     0.037 |
|     ENTRY_FD_GEN[46].entry_fd0 |     0.039 |
|     ENTRY_FD_GEN[47].entry_fd0 |     0.044 |
|     ENTRY_FD_GEN[48].entry_fd0 |     0.047 |
|     ENTRY_FD_GEN[49].entry_fd0 |     0.045 |
|     ENTRY_FD_GEN[4].entry_fd0  |     0.040 |
|     ENTRY_FD_GEN[50].entry_fd0 |     0.044 |
|     ENTRY_FD_GEN[51].entry_fd0 |     0.044 |
|     ENTRY_FD_GEN[52].entry_fd0 |     0.043 |
|     ENTRY_FD_GEN[53].entry_fd0 |     0.039 |
|     ENTRY_FD_GEN[54].entry_fd0 |     0.042 |
|     ENTRY_FD_GEN[55].entry_fd0 |     0.043 |
|     ENTRY_FD_GEN[56].entry_fd0 |     0.044 |
|     ENTRY_FD_GEN[57].entry_fd0 |     0.046 |
|     ENTRY_FD_GEN[58].entry_fd0 |     0.041 |
|     ENTRY_FD_GEN[59].entry_fd0 |     0.049 |
|     ENTRY_FD_GEN[5].entry_fd0  |     0.045 |
|     ENTRY_FD_GEN[60].entry_fd0 |     0.044 |
|     ENTRY_FD_GEN[61].entry_fd0 |     0.052 |
|     ENTRY_FD_GEN[62].entry_fd0 |     0.060 |
|     ENTRY_FD_GEN[63].entry_fd0 |     0.045 |
|     ENTRY_FD_GEN[6].entry_fd0  |     0.036 |
|     ENTRY_FD_GEN[7].entry_fd0  |     0.046 |
|     ENTRY_FD_GEN[8].entry_fd0  |     0.047 |
|     ENTRY_FD_GEN[9].entry_fd0  |     0.050 |
|     c1                         |     0.485 |
|       delay1                   |     0.023 |
|       delay2                   |     0.025 |
|       delay3                   |     0.011 |
|       delay4                   |     0.013 |
|     or_am_ma0                  |     0.380 |
|   MMRAM                        |     3.121 |
|     ce2                        |     0.155 |
|       cf0                      |     0.135 |
|     cmem                       |     0.277 |
|       U0                       |     0.277 |
|     mmram                      |     0.433 |
|       U0                       |     0.433 |
|   M_Stage                      |     6.583 |
|     cm0                        |     0.252 |
|       arb                      |     0.026 |
|       cj1                      |     0.076 |
|       cj2                      |     0.079 |
|   PS_Stage                     |     0.848 |
|     c3                         |     0.159 |
|       delay1                   |     0.028 |
|       delay2                   |     0.023 |
|       delay3                   |     0.014 |
|       delay4                   |     0.011 |
|     ps                         |     0.307 |
|       U0                       |     0.307 |
+--------------------------------+-----------+


