Copyright 1986-2022 Xilinx, Inc. All Rights Reserved. Copyright 2022-2025 Advanced Micro Devices, Inc. All Rights Reserved.
---------------------------------------------------------------------------------------------------------------------------------------------
| Tool Version : Vivado v.2025.2 (win64) Build 6299465 Fri Nov 14 19:35:11 GMT 2025
| Date         : Fri Aug 28 19:10:34 2026
| Host         : DESKTOP-F8PDQQS running 64-bit major release  (build 9200)
| Command      : report_clock_utilization -file DDP_clock_utilization_routed.rpt
| Design       : DDP
| Device       : 7z010-clg400
| Speed File   : -1  PRODUCTION 1.12 2019-11-22
| Design State : Routed
---------------------------------------------------------------------------------------------------------------------------------------------

Clock Utilization Report

Table of Contents
-----------------
1. Clock Primitive Utilization
2. Global Clock Resources
3. Global Clock Source Details
4. Local Clock Details
5. Clock Regions: Key Resource Utilization
6. Clock Regions : Global Clock Summary

1. Clock Primitive Utilization
------------------------------

+----------+------+-----------+-----+--------------+--------+
| Type     | Used | Available | LOC | Clock Region | Pblock |
+----------+------+-----------+-----+--------------+--------+
| BUFGCTRL |    0 |        32 |   0 |            0 |      0 |
| BUFH     |    0 |        48 |   0 |            0 |      0 |
| BUFIO    |    0 |         8 |   0 |            0 |      0 |
| BUFMR    |    0 |         4 |   0 |            0 |      0 |
| BUFR     |    0 |         8 |   0 |            0 |      0 |
| MMCM     |    0 |         2 |   0 |            0 |      0 |
| PLL      |    0 |         2 |   0 |            0 |      0 |
+----------+------+-----------+-----+--------------+--------+


2. Global Clock Resources
-------------------------

+-----------+-----------+-----------------+------------+------+--------------+-------------------+-------------+-----------------+--------------+-------+------------+-----+
| Global Id | Source Id | Driver Type/Pin | Constraint | Site | Clock Region | Load Clock Region | Clock Loads | Non-Clock Loads | Clock Period | Clock | Driver Pin | Net |
+-----------+-----------+-----------------+------------+------+--------------+-------------------+-------------+-----------------+--------------+-------+------------+-----+
* Clock Loads column represents cell count of net connects that connect to a clock pin. Internal cell leaf pins are not considered
** Non-Clock Loads column represents cell count of non-clock pin loads


3. Global Clock Source Details
------------------------------

+-----------+-----------+-----------------+------------+------+--------------+-------------+-----------------+---------------------+--------------+------------+-----+
| Source Id | Global Id | Driver Type/Pin | Constraint | Site | Clock Region | Clock Loads | Non-Clock Loads | Source Clock Period | Source Clock | Driver Pin | Net |
+-----------+-----------+-----------------+------------+------+--------------+-------------+-----------------+---------------------+--------------+------------+-----+
* Clock Loads column represents cell count of net connects that connect to a clock pin. Internal cell leaf pins are not considered
** Non-Clock Loads column represents cell count of non-clock pin loads


4. Local Clock Details
----------------------

+----------+-----------------+------------+--------------------+--------------+-------------+-----------------+--------------+-------+-----------------------------------------+-----------------------------------+
| Local Id | Driver Type/Pin | Constraint | Site/BEL           | Clock Region | Clock Loads | Non-Clock Loads | Clock Period | Clock | Driver Pin                              | Net                               |
+----------+-----------------+------------+--------------------+--------------+-------------+-----------------+--------------+-------+-----------------------------------------+-----------------------------------+
| 0        | LUT1/O          | None       | SLICE_X40Y56/A6LUT | X1Y1         |        1326 |               0 |              |       | MMCAM/c1/CP_INST_0/O                    | MMCAM/c1/CP                       |
| 1        | LUT1/O          | None       | SLICE_X21Y75/B6LUT | X0Y1         |          63 |               0 |              |       | FP_Stage/ce4/cf0/CP_INST_0/O            | FP_Stage/ce4/cf0/CP               |
| 2        | LUT1/O          | None       | SLICE_X23Y71/A6LUT | X1Y1         |          53 |               0 |              |       | PS_Stage/c3/CP_INST_0/O                 | PS_Stage/c3/CP                    |
| 3        | LUT1/O          | None       | SLICE_X34Y89/B6LUT | X1Y1         |          42 |               1 |              |       | COPY_Stage/cx2_6/cf0/CP_INST_0/O        | COPY_Stage/cx2_6/cf0/CP           |
| 4        | LUT1/O          | None       | SLICE_X24Y88/A6LUT | X1Y1         |          42 |               0 |              |       | MA_Stage/c5/CP_INST_0/O                 | MA_Stage/c5/CP                    |
| 5        | LUT1/O          | None       | SLICE_X37Y57/A6LUT | X1Y1         |          41 |               0 |              |       | MMRAM/ce2/cf0/CP_INST_0/O               | MMRAM/ce2/cf0/CP                  |
| 6        | LUT1/O          | None       | SLICE_X42Y56/A6LUT | X1Y1         |          40 |               0 |              |       | B_Stage/cb7/CF1/CP_INST_0/O             | B_Stage/cb7/CF1/CP                |
| 7        | LUT1/O          | None       | SLICE_X41Y47/C6LUT | X1Y0         |          38 |               0 |              |       | C10/CP_INST_0/O                         | C10/CP                            |
| 8        | LUT1/O          | None       | SLICE_X40Y47/C5LUT | X1Y0         |          38 |               2 |              |       | M_Stage/cm0/cj1/CP_INST_0/O             | M_Stage/cm0/cj1/CP                |
| 9        | LUT1/O          | None       | SLICE_X39Y48/B6LUT | X1Y0         |          38 |               2 |              |       | M_Stage/cm0/cj2/CP_INST_0/O             | M_Stage/cm0/cj2/CP                |
| 10       | LUT1/O          | None       | SLICE_X38Y87/D6LUT | X1Y1         |           3 |               0 |              |       | COPY_Stage/cx2_6/DL1S_cp_inferred_i_1/O | COPY_Stage/cx2_6/DL1S_cp          |
| 11       | LUT1/O          | None       | SLICE_X36Y88/D5LUT | X1Y1         |           0 |               2 |              |       | COPY_Stage/cx2_6/dl1s/w_q_i_2/O         | COPY_Stage/cx2_6/dl1s/w_q_i_2_n_0 |
+----------+-----------------+------------+--------------------+--------------+-------------+-----------------+--------------+-------+-----------------------------------------+-----------------------------------+
* Local Clocks in this context represents only clocks driven by non-global buffers
** Clock Loads column represents cell count of net connects that connect to a clock pin. Internal cell leaf pins are not considered
*** Non-Clock Loads column represents cell count of non-clock pin loads


5. Clock Regions: Key Resource Utilization
------------------------------------------

+-------------------+--------------+--------------+--------------+--------------+--------------+--------------+--------------+--------------+--------------+--------------+--------------+--------------+--------------+--------------+--------------+
|                   | Global Clock |     BUFRs    |    BUFMRs    |    BUFIOs    |     MMCM     |      PLL     |      GT      |      PCI     |    ILOGIC    |    OLOGIC    |      FF      |     LUTM     |    RAMB18    |    RAMB36    |    DSP48E2   |
+-------------------+------+-------+------+-------+------+-------+------+-------+------+-------+------+-------+------+-------+------+-------+------+-------+------+-------+------+-------+------+-------+------+-------+------+-------+------+-------+
| Clock Region Name | Used | Avail | Used | Avail | Used | Avail | Used | Avail | Used | Avail | Used | Avail | Used | Avail | Used | Avail | Used | Avail | Used | Avail | Used | Avail | Used | Avail | Used | Avail | Used | Avail | Used | Avail |
+-------------------+------+-------+------+-------+------+-------+------+-------+------+-------+------+-------+------+-------+------+-------+------+-------+------+-------+------+-------+------+-------+------+-------+------+-------+------+-------+
| X0Y0              |    0 |    12 |    0 |     0 |    0 |     0 |    0 |     0 |    0 |     0 |    0 |     0 |    0 |     0 |    0 |     0 |    0 |     0 |    0 |     0 |    0 |  1100 |    0 |   400 |    0 |    20 |    0 |    10 |    0 |    20 |
| X1Y0              |    0 |    12 |    0 |     4 |    0 |     2 |    0 |     4 |    0 |     1 |    0 |     1 |    0 |     0 |    0 |     0 |    0 |    50 |    0 |    50 |   31 |  1100 |    8 |   350 |    0 |    40 |    0 |    20 |    0 |    20 |
| X0Y1              |    0 |    12 |    0 |     0 |    0 |     0 |    0 |     0 |    0 |     0 |    0 |     0 |    0 |     0 |    0 |     0 |    0 |     0 |    0 |     0 |  147 |  1100 |   48 |   400 |    0 |    20 |    0 |    10 |    0 |    20 |
| X1Y1              |    0 |    12 |    0 |     4 |    0 |     2 |    0 |     4 |    0 |     1 |    0 |     1 |    0 |     0 |    0 |     0 |    0 |    50 |    0 |    50 | 1540 |  1100 |  470 |   350 |    0 |    40 |    0 |    20 |    0 |    20 |
+-------------------+------+-------+------+-------+------+-------+------+-------+------+-------+------+-------+------+-------+------+-------+------+-------+------+-------+------+-------+------+-------+------+-------+------+-------+------+-------+
* Global Clock column represents track count; while other columns represents cell counts


6. Clock Regions : Global Clock Summary
---------------------------------------

All Modules
+----+----+----+
|    | X0 | X1 |
+----+----+----+
| Y1 |  0 |  0 |
| Y0 |  0 |  0 |
+----+----+----+



# Location of IO Primitives which is load of clock spine

# Location of clock ports
