
*** Running vivado
    with args -log DDP.vdi -applog -m64 -product Vivado -messageDb vivado.pb -mode batch -source DDP.tcl -notrace



****** Vivado v2025.2 (64-bit)
  **** SW Build 6299465 on Fri Nov 14 19:35:11 GMT 2025
  **** IP Build 6300035 on Fri Nov 14 10:48:45 MST 2025
  **** SharedData Build 6298862 on Thu Nov 13 04:50:51 MST 2025
  **** Start of session at: Wed Sep 16 17:40:23 2026
    ** Copyright 1986-2022 Xilinx, Inc. All Rights Reserved.
    ** Copyright 2022-2025 Advanced Micro Devices, Inc. All Rights Reserved.

source DDP.tcl -notrace
create_project: Time (s): cpu = 00:00:26 ; elapsed = 00:00:16 . Memory (MB): peak = 561.090 ; gain = 255.898
Command: link_design -top DDP -part xc7z020clg484-1
Design is defaulting to srcset: sources_1
Design is defaulting to constrset: constrs_1
INFO: [Device 21-403] Loading part xc7z020clg484-1
INFO: [Project 1-5699] Read binary netlist with skipMacroContent - 1
INFO: [Project 1-454] Reading design checkpoint 'c:/lab/4B_Research/FIR_DDP/Masa_FIR_DDP_16bit/MASA_FIR_DDP_16bit/MASA_FIR_DDP_16bit.gen/sources_1/ip/SubPS/SubPS.dcp' for cell 'B_Stage/subps'
INFO: [Project 1-454] Reading design checkpoint 'c:/lab/4B_Research/FIR_DDP/Masa_FIR_DDP_16bit/MASA_FIR_DDP_16bit/MASA_FIR_DDP_16bit.gen/sources_1/ip/DMEM/DMEM.dcp' for cell 'MA_Stage/dmem'
INFO: [Project 1-454] Reading design checkpoint 'c:/lab/4B_Research/FIR_DDP/Masa_FIR_DDP_16bit/MASA_FIR_DDP_16bit/MASA_FIR_DDP_16bit.gen/sources_1/ip/CMEM/CMEM.dcp' for cell 'MMRAM/cmem'
INFO: [Project 1-454] Reading design checkpoint 'c:/lab/4B_Research/FIR_DDP/Masa_FIR_DDP_16bit/MASA_FIR_DDP_16bit/MASA_FIR_DDP_16bit.gen/sources_1/ip/MMRAM_RAM/MMRAM_RAM.dcp' for cell 'MMRAM/mmram'
INFO: [Project 1-454] Reading design checkpoint 'c:/lab/4B_Research/FIR_DDP/Masa_FIR_DDP_16bit/MASA_FIR_DDP_16bit/MASA_FIR_DDP_16bit.gen/sources_1/ip/PS_3/PS.dcp' for cell 'PS_Stage/ps'
Netlist sorting complete. Time (s): cpu = 00:00:00 ; elapsed = 00:00:00.048 . Memory (MB): peak = 848.254 ; gain = 0.000
INFO: [Netlist 29-17] Analyzing 178 Unisim elements for replacement
INFO: [Netlist 29-28] Unisim Transformation completed in 0 CPU seconds
INFO: [Project 1-479] Netlist was created with Vivado 2025.2
INFO: [Project 1-570] Preparing netlist for logic optimization
Parsing XDC File [C:/lab/4B_Research/FIR_DDP/Masa_FIR_DDP_16bit/XDC/.xdc]
Finished Parsing XDC File [C:/lab/4B_Research/FIR_DDP/Masa_FIR_DDP_16bit/XDC/.xdc]
INFO: [Opt 31-138] Pushed 0 inverter(s) to 0 load pin(s).
Netlist sorting complete. Time (s): cpu = 00:00:00 ; elapsed = 00:00:00.005 . Memory (MB): peak = 978.016 ; gain = 0.000
INFO: [Project 1-111] Unisim Transformation Summary:
  A total of 1 instances were transformed.
  FDCP => FDCP (FDCE, FDPE, LDCE, LUT3, VCC): 1 instance 

13 Infos, 0 Warnings, 0 Critical Warnings and 0 Errors encountered.
link_design completed successfully
link_design: Time (s): cpu = 00:00:07 ; elapsed = 00:00:08 . Memory (MB): peak = 978.016 ; gain = 401.094
Command: opt_design
Attempting to get a license for feature 'Implementation' and/or device 'xc7z020'
INFO: [Common 17-349] Got license for feature 'Implementation' and/or device 'xc7z020'
Running DRC as a precondition to command opt_design

Starting DRC Task
INFO: [DRC 23-27] Running DRC with 2 threads
INFO: [Project 1-461] DRC finished with 0 Errors
INFO: [Project 1-462] Please refer to the DRC report (report_drc) for more information.

Time (s): cpu = 00:00:00 ; elapsed = 00:00:00.620 . Memory (MB): peak = 1006.375 ; gain = 28.359

Starting Cache Timing Information Task
INFO: [Timing 38-35] Done setting XDC timing constraints.
Ending Cache Timing Information Task | Checksum: 10d0d3c27

Time (s): cpu = 00:00:08 ; elapsed = 00:00:08 . Memory (MB): peak = 1499.648 ; gain = 493.273

Starting Logic Optimization Task

Phase 1 Initialization

Phase 1.1 Core Generation And Design Setup
Phase 1.1 Core Generation And Design Setup | Checksum: 10d0d3c27

Time (s): cpu = 00:00:00 ; elapsed = 00:00:00.030 . Memory (MB): peak = 1964.109 ; gain = 0.000

Phase 1.2 Setup Constraints And Sort Netlist
Phase 1.2 Setup Constraints And Sort Netlist | Checksum: 10d0d3c27

Time (s): cpu = 00:00:00 ; elapsed = 00:00:00.046 . Memory (MB): peak = 1964.109 ; gain = 0.000
Phase 1 Initialization | Checksum: 10d0d3c27

Time (s): cpu = 00:00:00 ; elapsed = 00:00:00.047 . Memory (MB): peak = 1964.109 ; gain = 0.000

Phase 2 Timer Update And Timing Data Collection

Phase 2.1 Detect if minReqCache needed
Phase 2.1 Detect if minReqCache needed | Checksum: 10d0d3c27

Time (s): cpu = 00:00:00 ; elapsed = 00:00:00.061 . Memory (MB): peak = 1964.117 ; gain = 0.008

Phase 2.2 Timer Update
Phase 2.2 Timer Update | Checksum: 10d0d3c27

Time (s): cpu = 00:00:00 ; elapsed = 00:00:00.076 . Memory (MB): peak = 1964.117 ; gain = 0.008
Phase 2 Timer Update And Timing Data Collection | Checksum: 10d0d3c27

Time (s): cpu = 00:00:00 ; elapsed = 00:00:00.078 . Memory (MB): peak = 1964.117 ; gain = 0.008

Phase 3 Retarget
INFO: [Opt 31-1851] Number of loadless carry chains removed were: 0
INFO: [Opt 31-1834] Total Chains To Be Transformed Were: 0 AND Number of Transformed insts Created are: 0
INFO: [Opt 31-138] Pushed 0 inverter(s) to 0 load pin(s).
INFO: [Opt 31-49] Retargeted 0 cell(s).
Phase 3 Retarget | Checksum: 12415116a

Time (s): cpu = 00:00:00 ; elapsed = 00:00:00.365 . Memory (MB): peak = 1964.117 ; gain = 0.008
Retarget | Checksum: 12415116a
INFO: [Opt 31-389] Phase Retarget created 0 cells and removed 16 cells
INFO: [Opt 31-1021] In phase Retarget, 693 netlist objects are constrained preventing optimization. Please run opt_design with -debug_log to get more detail. 

Phase 4 Constant propagation
INFO: [Opt 31-138] Pushed 0 inverter(s) to 0 load pin(s).
Phase 4 Constant propagation | Checksum: 15dae6441

Time (s): cpu = 00:00:00 ; elapsed = 00:00:00.495 . Memory (MB): peak = 1964.117 ; gain = 0.008
Constant propagation | Checksum: 15dae6441
INFO: [Opt 31-389] Phase Constant propagation created 0 cells and removed 16 cells
INFO: [Opt 31-1021] In phase Constant propagation, 716 netlist objects are constrained preventing optimization. Please run opt_design with -debug_log to get more detail. 

Phase 5 Sweep
INFO: [Constraints 18-11670] Building netlist checker database with flags, 0x8
Done building netlist checker database: Time (s): cpu = 00:00:00 ; elapsed = 00:00:00.003 . Memory (MB): peak = 1964.117 ; gain = 0.000
INFO: [Constraints 18-11670] Building netlist checker database with flags, 0x8
Done building netlist checker database: Time (s): cpu = 00:00:00 ; elapsed = 00:00:00.001 . Memory (MB): peak = 1964.117 ; gain = 0.000
Phase 5 Sweep | Checksum: 1b0534115

Time (s): cpu = 00:00:00 ; elapsed = 00:00:00.692 . Memory (MB): peak = 1964.117 ; gain = 0.008
Sweep | Checksum: 1b0534115
INFO: [Opt 31-389] Phase Sweep created 0 cells and removed 1 cells
INFO: [Opt 31-1021] In phase Sweep, 4876 netlist objects are constrained preventing optimization. Please run opt_design with -debug_log to get more detail. 

Phase 6 BUFG optimization
Phase 6 BUFG optimization | Checksum: 1b0534115

Time (s): cpu = 00:00:00 ; elapsed = 00:00:00.764 . Memory (MB): peak = 1964.117 ; gain = 0.008
BUFG optimization | Checksum: 1b0534115
INFO: [Opt 31-662] Phase BUFG optimization created 0 cells of which 0 are BUFGs and removed 0 cells.

Phase 7 Shift Register Optimization
INFO: [Opt 31-1064] SRL Remap converted 0 SRLs to 0 registers and converted 0 registers of register chains to 0 SRLs
Phase 7 Shift Register Optimization | Checksum: 1b0534115

Time (s): cpu = 00:00:00 ; elapsed = 00:00:00.784 . Memory (MB): peak = 1964.117 ; gain = 0.008
Shift Register Optimization | Checksum: 1b0534115
INFO: [Opt 31-389] Phase Shift Register Optimization created 0 cells and removed 0 cells

Phase 8 Post Processing Netlist
Phase 8 Post Processing Netlist | Checksum: 1b0534115

Time (s): cpu = 00:00:00 ; elapsed = 00:00:00.850 . Memory (MB): peak = 1964.117 ; gain = 0.008
Post Processing Netlist | Checksum: 1b0534115
INFO: [Opt 31-389] Phase Post Processing Netlist created 0 cells and removed 0 cells
INFO: [Opt 31-1021] In phase Post Processing Netlist, 558 netlist objects are constrained preventing optimization. Please run opt_design with -debug_log to get more detail. 

Phase 9 Finalization

Phase 9.1 Finalizing Design Cores and Updating Shapes
Phase 9.1 Finalizing Design Cores and Updating Shapes | Checksum: 9596afd0

Time (s): cpu = 00:00:01 ; elapsed = 00:00:00.974 . Memory (MB): peak = 1964.117 ; gain = 0.008

Phase 9.2 Verifying Netlist Connectivity

Starting Connectivity Check Task

Time (s): cpu = 00:00:00 ; elapsed = 00:00:00.015 . Memory (MB): peak = 1964.117 ; gain = 0.000
Phase 9.2 Verifying Netlist Connectivity | Checksum: 9596afd0

Time (s): cpu = 00:00:01 ; elapsed = 00:00:00.992 . Memory (MB): peak = 1964.117 ; gain = 0.008
Phase 9 Finalization | Checksum: 9596afd0

Time (s): cpu = 00:00:01 ; elapsed = 00:00:00.993 . Memory (MB): peak = 1964.117 ; gain = 0.008
Opt_design Change Summary
=========================


-------------------------------------------------------------------------------------------------------------------------
|  Phase                        |  #Cells created  |  #Cells Removed  |  #Constrained objects preventing optimizations  |
-------------------------------------------------------------------------------------------------------------------------
|  Retarget                     |               0  |              16  |                                            693  |
|  Constant propagation         |               0  |              16  |                                            716  |
|  Sweep                        |               0  |               1  |                                           4876  |
|  BUFG optimization            |               0  |               0  |                                              0  |
|  Shift Register Optimization  |               0  |               0  |                                              0  |
|  Post Processing Netlist      |               0  |               0  |                                            558  |
-------------------------------------------------------------------------------------------------------------------------


Ending Logic Optimization Task | Checksum: 9596afd0

Time (s): cpu = 00:00:01 ; elapsed = 00:00:01 . Memory (MB): peak = 1964.117 ; gain = 0.008

Starting Power Optimization Task
INFO: [Pwropt 34-132] Skipping clock gating for clocks with a period < 2.00 ns.
INFO: [Timing 38-35] Done setting XDC timing constraints.
INFO: [Pwropt 34-203] Number of nets are not same before and after processing of findDistanceFromSourceAndDest. Before: 286 After: 290
WARNING: [Power 33-232] No user defined clocks were found in the design! Power estimation will be inaccurate until this is corrected.
Resolution: Please specify clocks using create_clock/create_generated_clock for sequential elements. For pure combinatorial circuits, please specify a virtual clock, otherwise the vectorless estimation might be inaccurate
INFO: [Pwropt 34-9] Applying IDT optimizations ...
INFO: [Pwropt 34-10] Applying ODC optimizations ...
Running Vector-less Activity Propagation...

Finished Running Vector-less Activity Propagation


Starting PowerOpt Patch Enables Task
INFO: [Pwropt 34-162] WRITE_MODE attribute of 0 BRAM(s) out of a total of 5 has been updated to save power. Run report_power_opt to get a complete listing of the BRAMs updated.
INFO: [Pwropt 34-201] Structural ODC has moved 1 WE to EN ports
Number of BRAM Ports augmented: 0 newly gated: 1 Total Ports: 10
Ending PowerOpt Patch Enables Task | Checksum: 1154571ba

Time (s): cpu = 00:00:00 ; elapsed = 00:00:00.028 . Memory (MB): peak = 1964.117 ; gain = 0.000
Ending Power Optimization Task | Checksum: 1154571ba

Time (s): cpu = 00:00:04 ; elapsed = 00:00:03 . Memory (MB): peak = 1964.117 ; gain = 0.000

Starting Final Cleanup Task
Ending Final Cleanup Task | Checksum: 1154571ba

Time (s): cpu = 00:00:00 ; elapsed = 00:00:00.002 . Memory (MB): peak = 1964.117 ; gain = 0.000
Netlist sorting complete. Time (s): cpu = 00:00:00 ; elapsed = 00:00:00.003 . Memory (MB): peak = 1964.117 ; gain = 0.000
INFO: [Common 17-83] Releasing license: Implementation
44 Infos, 1 Warnings, 0 Critical Warnings and 0 Errors encountered.
opt_design completed successfully
opt_design: Time (s): cpu = 00:00:17 ; elapsed = 00:00:17 . Memory (MB): peak = 1964.117 ; gain = 986.102
INFO: [Vivado 12-24828] Executing command : report_drc -file DDP_drc_opted.rpt -pb DDP_drc_opted.pb -rpx DDP_drc_opted.rpx
Command: report_drc -file DDP_drc_opted.rpt -pb DDP_drc_opted.pb -rpx DDP_drc_opted.rpx
INFO: [IP_Flow 19-1839] IP Catalog is up to date.
INFO: [DRC 23-27] Running DRC with 2 threads
INFO: [Vivado_Tcl 2-168] The results of DRC are in file C:/lab/4B_Research/FIR_DDP/Masa_FIR_DDP_16bit/MASA_FIR_DDP_16bit/MASA_FIR_DDP_16bit.runs/impl_1/DDP_drc_opted.rpt.
report_drc completed successfully
INFO: [Timing 38-480] Writing timing data to binary archive.
Write ShapeDB Complete: Time (s): cpu = 00:00:00 ; elapsed = 00:00:00.007 . Memory (MB): peak = 1964.117 ; gain = 0.000
INFO: [Common 17-1381] The checkpoint 'C:/lab/4B_Research/FIR_DDP/Masa_FIR_DDP_16bit/MASA_FIR_DDP_16bit/MASA_FIR_DDP_16bit.runs/impl_1/DDP_opt.dcp' has been generated.
Command: place_design
Attempting to get a license for feature 'Implementation' and/or device 'xc7z020'
INFO: [Common 17-349] Got license for feature 'Implementation' and/or device 'xc7z020'
INFO: [Common 17-83] Releasing license: Implementation
INFO: [DRC 23-27] Running DRC with 2 threads
INFO: [Vivado_Tcl 4-198] DRC finished with 0 Errors
INFO: [Vivado_Tcl 4-199] Please refer to the DRC report (report_drc) for more information.
INFO: [Timing 38-35] Done setting XDC timing constraints.
Running DRC as a precondition to command place_design
INFO: [DRC 23-27] Running DRC with 2 threads
INFO: [Vivado_Tcl 4-198] DRC finished with 0 Errors, 24 Warnings
INFO: [Vivado_Tcl 4-199] Please refer to the DRC report (report_drc) for more information.
INFO: [Place 30-611] Multithreading enabled for place_design using a maximum of 2 CPUs

Starting Placer Task

Phase 1 Placer Initialization

Phase 1.1 Placer Initialization Netlist Sorting
Netlist sorting complete. Time (s): cpu = 00:00:00 ; elapsed = 00:00:00.003 . Memory (MB): peak = 1964.117 ; gain = 0.000
Phase 1.1 Placer Initialization Netlist Sorting | Checksum: 58df2a91

Time (s): cpu = 00:00:00 ; elapsed = 00:00:00.008 . Memory (MB): peak = 1964.117 ; gain = 0.000
Netlist sorting complete. Time (s): cpu = 00:00:00 ; elapsed = 00:00:00.005 . Memory (MB): peak = 1964.117 ; gain = 0.000

Phase 1.2 IO Placement/ Clock Placement/ Build Placer Device
WARNING: [Place 30-568] A LUT 'MMCAM/c1/CP_INST_0' is driving clock pin of 1326 registers. This could lead to large hold time violations. First few involved registers are:
	MMCAM/ENTRY_FD_GEN[36].entry_fd0/ENTRY_reg[16] {FDCE}
	MMCAM/ENTRY_FD_GEN[36].entry_fd0/ENTRY_reg[17] {FDCE}
	MMCAM/ENTRY_FD_GEN[36].entry_fd0/ENTRY_reg[3] {FDCE}
	MMCAM/ENTRY_FD_GEN[36].entry_fd0/ENTRY_reg[5] {FDCE}
	MMCAM/ENTRY_FD_GEN[36].entry_fd0/ENTRY_reg[6] {FDCE}
WARNING: [Place 30-568] A LUT 'MMRAM/ce2/cf0/CP_INST_0' is driving clock pin of 41 registers. This could lead to large hold time violations. First few involved registers are:
	MMRAM/ce2/DL_reg {FDCE}
	MMRAM/DL_reg[12] {FDCE}
	MMRAM/DL_reg[13] {FDCE}
	MMRAM/DL_reg[14] {FDCE}
	MMRAM/DL_reg[15] {FDCE}
WARNING: [Place 30-568] A LUT 'M_Stage/cm0/cj2/CP_INST_0' is driving clock pin of 38 registers. This could lead to large hold time violations. First few involved registers are:
	M_Stage/DL_INTERNAL_reg[10] {FDCE}
	M_Stage/DL_INTERNAL_reg[0] {FDCE}
	M_Stage/DL_INTERNAL_reg[11] {FDCE}
	M_Stage/DL_INTERNAL_reg[12] {FDCE}
	M_Stage/DL_INTERNAL_reg[16] {FDCE}
WARNING: [Place 30-568] A LUT 'M_Stage/cm0/cj1/CP_INST_0' is driving clock pin of 38 registers. This could lead to large hold time violations. First few involved registers are:
	M_Stage/DL_EXTERNAL_reg[3] {FDCE}
	M_Stage/DL_EXTERNAL_reg[8] {FDCE}
	M_Stage/DL_EXTERNAL_reg[0] {FDCE}
	M_Stage/DL_EXTERNAL_reg[19] {FDCE}
	M_Stage/DL_EXTERNAL_reg[14] {FDCE}
WARNING: [Place 30-568] A LUT 'PS_Stage/c3/CP_INST_0' is driving clock pin of 53 registers. This could lead to large hold time violations. First few involved registers are:
	PS_Stage/DL_reg[29] {FDCE}
	PS_Stage/DL_reg[2] {FDCE}
	PS_Stage/DL_reg[25] {FDCE}
	PS_Stage/DL_reg[30] {FDCE}
	PS_Stage/DL_reg[19] {FDCE}
WARNING: [Place 30-568] A LUT 'B_Stage/cb7/CF1/CP_INST_0' is driving clock pin of 40 registers. This could lead to large hold time violations. First few involved registers are:
	B_Stage/DL_reg[12] {FDCE}
	B_Stage/DL_reg[11] {FDCE}
	B_Stage/cb7/DL1_reg {FDCE}
	B_Stage/DL_reg[10] {FDCE}
	B_Stage/DL_reg[0] {FDCE}
WARNING: [Place 30-568] A LUT 'C10/CP_INST_0' is driving clock pin of 38 registers. This could lead to large hold time violations. First few involved registers are:
	PACKET_OUT_reg[0] {FDCE}
	PACKET_OUT_reg[11] {FDCE}
	PACKET_OUT_reg[12] {FDCE}
	PACKET_OUT_reg[13] {FDCE}
	PACKET_OUT_reg[14] {FDCE}
WARNING: [Place 30-568] A LUT 'COPY_Stage/cx2_6/cf0/CP_INST_0' is driving clock pin of 42 registers. This could lead to large hold time violations. First few involved registers are:
	COPY_Stage/cx2_6/DL1_out_reg {FDCE}
	COPY_Stage/cx2_6/DL2_out_reg {FDCE}
	COPY_Stage/DL_reg[0] {FDCE}
	COPY_Stage/DL_reg[11] {FDCE}
	COPY_Stage/DL_reg[15] {FDCE}
WARNING: [Place 30-568] A LUT 'COPY_Stage/cx2_6/DL1S_cp_inferred_i_1' is driving clock pin of 4 registers. This could lead to large hold time violations. First few involved registers are:
	COPY_Stage/cx2_6/dl1s/w_q_reg_C {FDCE}
	COPY_Stage/cx2_6/dl1s/w_q_reg_P {FDPE}
	COPY_Stage/cx2_6/dl1s/w_q_reg/F1 {FDCE}
	COPY_Stage/cx2_6/dl1s/w_q_reg/F2 {FDPE}
WARNING: [Place 30-568] A LUT 'FP_Stage/ce4/cf0/CP_INST_0' is driving clock pin of 63 registers. This could lead to large hold time violations. First few involved registers are:
	FP_Stage/ce4/DL_reg {FDCE}
	FP_Stage/DL_reg[12] {FDCE}
	FP_Stage/DL_reg[16] {FDCE}
	FP_Stage/DL_reg[19] {FDCE}
	FP_Stage/DL_reg[13] {FDCE}
WARNING: [Place 30-568] A LUT 'MA_Stage/c5/CP_INST_0' is driving clock pin of 42 registers. This could lead to large hold time violations. First few involved registers are:
	MA_Stage/dmem/U0/inst_blk_mem_gen/gnbram.gnativebmg.native_blk_mem_gen/valid.cstr/ramloop[0].ram.r/prim_noinit.ram/DEVICE_7SERIES.NO_BMM_INFO.SP.SIMPLE_PRIM18.ram {RAMB18E1}
	MA_Stage/DL_PACKET_reg[2] {FDCE}
	MA_Stage/DL_PACKET_reg[31] {FDCE}
	MA_Stage/DL_PACKET_reg[14] {FDCE}
	MA_Stage/DL_PACKET_reg[34] {FDCE}
Phase 1.2 IO Placement/ Clock Placement/ Build Placer Device | Checksum: 8f5f6c57

Time (s): cpu = 00:00:01 ; elapsed = 00:00:01 . Memory (MB): peak = 1964.117 ; gain = 0.000

Phase 1.3 Build Placer Netlist Model
Phase 1.3 Build Placer Netlist Model | Checksum: e9fd7e34

Time (s): cpu = 00:00:01 ; elapsed = 00:00:01 . Memory (MB): peak = 1964.117 ; gain = 0.000

Phase 1.4 Constrain Clocks/Macros
Phase 1.4 Constrain Clocks/Macros | Checksum: e9fd7e34

Time (s): cpu = 00:00:01 ; elapsed = 00:00:01 . Memory (MB): peak = 1964.117 ; gain = 0.000
Phase 1 Placer Initialization | Checksum: e9fd7e34

Time (s): cpu = 00:00:01 ; elapsed = 00:00:01 . Memory (MB): peak = 1964.117 ; gain = 0.000

Phase 2 Global Placement

Phase 2.1 Floorplanning
Phase 2.1 Floorplanning | Checksum: e9fd7e34

Time (s): cpu = 00:00:02 ; elapsed = 00:00:01 . Memory (MB): peak = 1964.117 ; gain = 0.000

Phase 2.2 Update Timing before SLR Path Opt
Phase 2.2 Update Timing before SLR Path Opt | Checksum: e9fd7e34

Time (s): cpu = 00:00:02 ; elapsed = 00:00:01 . Memory (MB): peak = 1964.117 ; gain = 0.000

Phase 2.3 Post-Processing in Floorplanning
Phase 2.3 Post-Processing in Floorplanning | Checksum: e9fd7e34

Time (s): cpu = 00:00:02 ; elapsed = 00:00:01 . Memory (MB): peak = 1964.117 ; gain = 0.000

Phase 2.4 Global Place Phase1
Phase 2.4 Global Place Phase1 | Checksum: 1b74d6b8b

Time (s): cpu = 00:00:07 ; elapsed = 00:00:05 . Memory (MB): peak = 1964.117 ; gain = 0.000

Phase 2.5 Global Place Phase2
WARNING: [Place 46-29] Timing had been disabled during Placer and, therefore, physical synthesis in Placer will be skipped.
Phase 2.5 Global Place Phase2 | Checksum: 17c44ed2d

Time (s): cpu = 00:00:07 ; elapsed = 00:00:05 . Memory (MB): peak = 1964.117 ; gain = 0.000
Phase 2 Global Placement | Checksum: 17c44ed2d

Time (s): cpu = 00:00:07 ; elapsed = 00:00:05 . Memory (MB): peak = 1964.117 ; gain = 0.000

Phase 3 Detail Placement

Phase 3.1 Commit Multi Column Macros
Phase 3.1 Commit Multi Column Macros | Checksum: 17c44ed2d

Time (s): cpu = 00:00:07 ; elapsed = 00:00:05 . Memory (MB): peak = 1964.117 ; gain = 0.000

Phase 3.2 Commit Most Macros & LUTRAMs
Phase 3.2 Commit Most Macros & LUTRAMs | Checksum: 151d84e19

Time (s): cpu = 00:00:07 ; elapsed = 00:00:05 . Memory (MB): peak = 1964.117 ; gain = 0.000

Phase 3.3 Area Swap Optimization
Phase 3.3 Area Swap Optimization | Checksum: 177cb0a2f

Time (s): cpu = 00:00:08 ; elapsed = 00:00:05 . Memory (MB): peak = 1964.117 ; gain = 0.000

Phase 3.4 Pipeline Register Optimization
Phase 3.4 Pipeline Register Optimization | Checksum: 177cb0a2f

Time (s): cpu = 00:00:08 ; elapsed = 00:00:05 . Memory (MB): peak = 1964.117 ; gain = 0.000

Phase 3.5 Small Shape Detail Placement
Phase 3.5 Small Shape Detail Placement | Checksum: d9d11c04

Time (s): cpu = 00:00:10 ; elapsed = 00:00:08 . Memory (MB): peak = 1964.117 ; gain = 0.000

Phase 3.6 Re-assign LUT pins
Phase 3.6 Re-assign LUT pins | Checksum: d9d11c04

Time (s): cpu = 00:00:11 ; elapsed = 00:00:08 . Memory (MB): peak = 1964.117 ; gain = 0.000

Phase 3.7 Pipeline Register Optimization
Phase 3.7 Pipeline Register Optimization | Checksum: d9d11c04

Time (s): cpu = 00:00:11 ; elapsed = 00:00:08 . Memory (MB): peak = 1964.117 ; gain = 0.000
Phase 3 Detail Placement | Checksum: d9d11c04

Time (s): cpu = 00:00:11 ; elapsed = 00:00:08 . Memory (MB): peak = 1964.117 ; gain = 0.000

Phase 4 Post Placement Optimization and Clean-Up

Phase 4.1 Post Commit Optimization
Phase 4.1 Post Commit Optimization | Checksum: d9d11c04

Time (s): cpu = 00:00:11 ; elapsed = 00:00:09 . Memory (MB): peak = 1964.117 ; gain = 0.000

Phase 4.2 Post Placement Cleanup
Phase 4.2 Post Placement Cleanup | Checksum: d9d11c04

Time (s): cpu = 00:00:11 ; elapsed = 00:00:09 . Memory (MB): peak = 1964.117 ; gain = 0.000

Phase 4.3 Placer Reporting

Phase 4.3.1 Print Estimated Congestion
INFO: [Place 30-612] Post-Placement Estimated Congestion 
 ____________________________________________________
|           | Global Congestion | Short Congestion  |
| Direction | Region Size       | Region Size       |
|___________|___________________|___________________|
|      North|                1x1|                1x1|
|___________|___________________|___________________|
|      South|                1x1|                1x1|
|___________|___________________|___________________|
|       East|                1x1|                1x1|
|___________|___________________|___________________|
|       West|                1x1|                1x1|
|___________|___________________|___________________|

Phase 4.3.1 Print Estimated Congestion | Checksum: d9d11c04

Time (s): cpu = 00:00:11 ; elapsed = 00:00:09 . Memory (MB): peak = 1964.117 ; gain = 0.000
Phase 4.3 Placer Reporting | Checksum: d9d11c04

Time (s): cpu = 00:00:11 ; elapsed = 00:00:09 . Memory (MB): peak = 1964.117 ; gain = 0.000

Phase 4.4 Final Placement Cleanup
Netlist sorting complete. Time (s): cpu = 00:00:00 ; elapsed = 00:00:00.004 . Memory (MB): peak = 1964.117 ; gain = 0.000

Time (s): cpu = 00:00:11 ; elapsed = 00:00:09 . Memory (MB): peak = 1964.117 ; gain = 0.000
Phase 4 Post Placement Optimization and Clean-Up | Checksum: a576a85a

Time (s): cpu = 00:00:11 ; elapsed = 00:00:09 . Memory (MB): peak = 1964.117 ; gain = 0.000
Ending Placer Task | Checksum: 7161325f

Time (s): cpu = 00:00:11 ; elapsed = 00:00:09 . Memory (MB): peak = 1964.117 ; gain = 0.000
61 Infos, 13 Warnings, 0 Critical Warnings and 0 Errors encountered.
place_design completed successfully
place_design: Time (s): cpu = 00:00:13 ; elapsed = 00:00:10 . Memory (MB): peak = 1964.117 ; gain = 0.000
INFO: [Vivado 12-24838] Running report commands "report_control_sets, report_io, report_utilization" in parallel.
Running report generation with 2 threads.
INFO: [Vivado 12-24828] Executing command : report_utilization -file DDP_utilization_placed.rpt -pb DDP_utilization_placed.pb
INFO: [Vivado 12-24828] Executing command : report_control_sets -verbose -file DDP_control_sets_placed.rpt
report_control_sets: Time (s): cpu = 00:00:00 ; elapsed = 00:00:00.021 . Memory (MB): peak = 1964.117 ; gain = 0.000
INFO: [Vivado 12-24828] Executing command : report_io -file DDP_io_placed.rpt
report_io: Time (s): cpu = 00:00:01 ; elapsed = 00:00:00.375 . Memory (MB): peak = 1964.117 ; gain = 0.000
INFO: [Timing 38-480] Writing timing data to binary archive.
Wrote PlaceDB: Time (s): cpu = 00:00:00 ; elapsed = 00:00:00 . Memory (MB): peak = 1964.117 ; gain = 0.000
Wrote PulsedLatchDB: Time (s): cpu = 00:00:00 ; elapsed = 00:00:00.001 . Memory (MB): peak = 1964.117 ; gain = 0.000
Writing XDEF routing.
Write ShapeDB Complete: Time (s): cpu = 00:00:00 ; elapsed = 00:00:00.010 . Memory (MB): peak = 1964.117 ; gain = 0.000
Writing XDEF routing logical nets.
Writing XDEF routing special nets.
Wrote RouteStorage: Time (s): cpu = 00:00:00 ; elapsed = 00:00:00.052 . Memory (MB): peak = 1964.117 ; gain = 0.000
Wrote PlaceStorage: Time (s): cpu = 00:00:00 ; elapsed = 00:00:00.302 . Memory (MB): peak = 1964.117 ; gain = 0.000
Wrote Netlist Cache: Time (s): cpu = 00:00:00 ; elapsed = 00:00:00.010 . Memory (MB): peak = 1964.117 ; gain = 0.000
Wrote Device Cache: Time (s): cpu = 00:00:00 ; elapsed = 00:00:00.022 . Memory (MB): peak = 1964.117 ; gain = 0.000
Write Physdb Complete: Time (s): cpu = 00:00:02 ; elapsed = 00:00:00.401 . Memory (MB): peak = 1964.117 ; gain = 0.000
INFO: [Common 17-1381] The checkpoint 'C:/lab/4B_Research/FIR_DDP/Masa_FIR_DDP_16bit/MASA_FIR_DDP_16bit/MASA_FIR_DDP_16bit.runs/impl_1/DDP_placed.dcp' has been generated.
Command: phys_opt_design
Attempting to get a license for feature 'Implementation' and/or device 'xc7z020'
INFO: [Common 17-349] Got license for feature 'Implementation' and/or device 'xc7z020'

Starting Initial Update Timing Task

Time (s): cpu = 00:00:01 ; elapsed = 00:00:00.657 . Memory (MB): peak = 1964.117 ; gain = 0.000
INFO: [Vivado_Tcl 4-235] No timing constraint found. The netlist was not modified.
INFO: [Common 17-83] Releasing license: Implementation
70 Infos, 13 Warnings, 0 Critical Warnings and 0 Errors encountered.
phys_opt_design completed successfully
INFO: [Timing 38-480] Writing timing data to binary archive.
Wrote PlaceDB: Time (s): cpu = 00:00:00 ; elapsed = 00:00:00 . Memory (MB): peak = 1964.117 ; gain = 0.000
Wrote PulsedLatchDB: Time (s): cpu = 00:00:00 ; elapsed = 00:00:00 . Memory (MB): peak = 1964.117 ; gain = 0.000
Writing XDEF routing.
Write ShapeDB Complete: Time (s): cpu = 00:00:00 ; elapsed = 00:00:00.028 . Memory (MB): peak = 1964.117 ; gain = 0.000
Writing XDEF routing logical nets.
Writing XDEF routing special nets.
Wrote RouteStorage: Time (s): cpu = 00:00:00 ; elapsed = 00:00:00.058 . Memory (MB): peak = 1964.117 ; gain = 0.000
Wrote PlaceStorage: Time (s): cpu = 00:00:01 ; elapsed = 00:00:00.289 . Memory (MB): peak = 1964.117 ; gain = 0.000
Wrote Netlist Cache: Time (s): cpu = 00:00:00 ; elapsed = 00:00:00.009 . Memory (MB): peak = 1964.117 ; gain = 0.000
Wrote Device Cache: Time (s): cpu = 00:00:00 ; elapsed = 00:00:00.014 . Memory (MB): peak = 1964.117 ; gain = 0.000
Write Physdb Complete: Time (s): cpu = 00:00:01 ; elapsed = 00:00:00.387 . Memory (MB): peak = 1964.117 ; gain = 0.000
INFO: [Common 17-1381] The checkpoint 'C:/lab/4B_Research/FIR_DDP/Masa_FIR_DDP_16bit/MASA_FIR_DDP_16bit/MASA_FIR_DDP_16bit.runs/impl_1/DDP_physopt.dcp' has been generated.
Command: route_design
Attempting to get a license for feature 'Implementation' and/or device 'xc7z020'
INFO: [Common 17-349] Got license for feature 'Implementation' and/or device 'xc7z020'


Starting Routing Task
INFO: [Route 35-254] Multithreading enabled for route_design using a maximum of 2 CPUs

Phase 1 Build RT Design
Checksum: PlaceDB: 4d4ca1b3 ConstDB: 0 ShapeSum: e1b1dbc RouteDB: 15f972f0
Post Restoration Checksum: NetGraph: 803bc1e2 | NumContArr: 8d1fa70 | Constraints: c2a8fa9d | Timing: c2a8fa9d
Phase 1 Build RT Design | Checksum: 20e5fb18c

Time (s): cpu = 00:00:36 ; elapsed = 00:00:31 . Memory (MB): peak = 1964.117 ; gain = 0.000

Phase 2 Router Initialization
INFO: [Route 35-64] No timing constraints were detected. The router will operate in resource-optimization mode.

Phase 2.1 Fix Topology Constraints
Phase 2.1 Fix Topology Constraints | Checksum: 20e5fb18c

Time (s): cpu = 00:00:36 ; elapsed = 00:00:32 . Memory (MB): peak = 1964.117 ; gain = 0.000

Phase 2.2 Pre Route Cleanup
Phase 2.2 Pre Route Cleanup | Checksum: 20e5fb18c

Time (s): cpu = 00:00:36 ; elapsed = 00:00:32 . Memory (MB): peak = 1964.117 ; gain = 0.000
 Number of Nodes with overlaps = 0

Router Utilization Summary
  Global Vertical Routing Utilization    = 0 %
  Global Horizontal Routing Utilization  = 0 %
  Routable Net Status*
  *Does not include unroutable nets such as driverless and loadless.
  Run report_route_status for detailed report.
  Number of Failed Nets               = 3554
    (Failed Nets is the sum of unrouted and partially routed nets)
  Number of Unrouted Nets             = 3554
  Number of Partially Routed Nets     = 0
  Number of Node Overlaps             = 0

Phase 2 Router Initialization | Checksum: 201c372be

Time (s): cpu = 00:00:36 ; elapsed = 00:00:32 . Memory (MB): peak = 1964.117 ; gain = 0.000

Phase 3 Global Routing
Phase 3 Global Routing | Checksum: 201c372be

Time (s): cpu = 00:00:36 ; elapsed = 00:00:32 . Memory (MB): peak = 1964.117 ; gain = 0.000

Phase 4 Initial Routing

Phase 4.1 Initial Net Routing Pass
Phase 4.1 Initial Net Routing Pass | Checksum: 1f58a289b

Time (s): cpu = 00:00:37 ; elapsed = 00:00:32 . Memory (MB): peak = 1964.117 ; gain = 0.000
Phase 4 Initial Routing | Checksum: 1f58a289b

Time (s): cpu = 00:00:37 ; elapsed = 00:00:33 . Memory (MB): peak = 1964.117 ; gain = 0.000

Phase 5 Rip-up And Reroute

Phase 5.1 Global Iteration 0
 Number of Nodes with overlaps = 191
 Number of Nodes with overlaps = 0
Phase 5.1 Global Iteration 0 | Checksum: 23baf0ada

Time (s): cpu = 00:00:38 ; elapsed = 00:00:33 . Memory (MB): peak = 1964.117 ; gain = 0.000
Phase 5 Rip-up And Reroute | Checksum: 23baf0ada

Time (s): cpu = 00:00:38 ; elapsed = 00:00:33 . Memory (MB): peak = 1964.117 ; gain = 0.000

Phase 6 Delay and Skew Optimization
Phase 6 Delay and Skew Optimization | Checksum: 23baf0ada

Time (s): cpu = 00:00:38 ; elapsed = 00:00:33 . Memory (MB): peak = 1964.117 ; gain = 0.000

Phase 7 Post Hold Fix

Phase 7.1 Hold Fix Iter
Phase 7.1 Hold Fix Iter | Checksum: 23baf0ada

Time (s): cpu = 00:00:38 ; elapsed = 00:00:33 . Memory (MB): peak = 1964.117 ; gain = 0.000
Phase 7 Post Hold Fix | Checksum: 23baf0ada

Time (s): cpu = 00:00:38 ; elapsed = 00:00:33 . Memory (MB): peak = 1964.117 ; gain = 0.000

Phase 8 Route finalize

Router Utilization Summary
  Global Vertical Routing Utilization    = 0.515377 %
  Global Horizontal Routing Utilization  = 0.919287 %
  Routable Net Status*
  *Does not include unroutable nets such as driverless and loadless.
  Run report_route_status for detailed report.
  Number of Failed Nets               = 0
    (Failed Nets is the sum of unrouted and partially routed nets)
  Number of Unrouted Nets             = 0
  Number of Partially Routed Nets     = 0
  Number of Node Overlaps             = 0


--GLOBAL Congestion:
Utilization threshold used for congestion level computation: 0.85
Congestion Report
North Dir 1x1 Area, Max Cong = 36.036%, No Congested Regions.
South Dir 1x1 Area, Max Cong = 29.7297%, No Congested Regions.
East Dir 1x1 Area, Max Cong = 42.6471%, No Congested Regions.
West Dir 1x1 Area, Max Cong = 45.5882%, No Congested Regions.

------------------------------
Reporting congestion hotspots
------------------------------
Direction: North
----------------
Congested clusters found at Level 0
Effective congestion level: 0 Aspect Ratio: 1 Sparse Ratio: 0
Direction: South
----------------
Congested clusters found at Level 0
Effective congestion level: 0 Aspect Ratio: 1 Sparse Ratio: 0
Direction: East
----------------
Congested clusters found at Level 0
Effective congestion level: 0 Aspect Ratio: 1 Sparse Ratio: 0
Direction: West
----------------
Congested clusters found at Level 0
Effective congestion level: 0 Aspect Ratio: 1 Sparse Ratio: 0

Phase 8 Route finalize | Checksum: 23baf0ada

Time (s): cpu = 00:00:38 ; elapsed = 00:00:33 . Memory (MB): peak = 1964.117 ; gain = 0.000

Phase 9 Verifying routed nets

 Verification completed successfully
Phase 9 Verifying routed nets | Checksum: 23baf0ada

Time (s): cpu = 00:00:38 ; elapsed = 00:00:33 . Memory (MB): peak = 1964.117 ; gain = 0.000

Phase 10 Depositing Routes
Phase 10 Depositing Routes | Checksum: 30b74e785

Time (s): cpu = 00:00:39 ; elapsed = 00:00:34 . Memory (MB): peak = 1964.117 ; gain = 0.000

Phase 11 Post Process Routing
Phase 11 Post Process Routing | Checksum: 30b74e785

Time (s): cpu = 00:00:39 ; elapsed = 00:00:34 . Memory (MB): peak = 1964.117 ; gain = 0.000
Total Elapsed time in route_design: 33.756 secs

Phase 12 Post-Route Event Processing
Phase 12 Post-Route Event Processing | Checksum: 181460828

Time (s): cpu = 00:00:39 ; elapsed = 00:00:34 . Memory (MB): peak = 1964.117 ; gain = 0.000
INFO: [Route 35-16] Router Completed Successfully
Ending Routing Task | Checksum: 181460828

Time (s): cpu = 00:00:39 ; elapsed = 00:00:34 . Memory (MB): peak = 1964.117 ; gain = 0.000

Routing Is Done.
INFO: [Common 17-83] Releasing license: Implementation
77 Infos, 13 Warnings, 0 Critical Warnings and 0 Errors encountered.
route_design completed successfully
route_design: Time (s): cpu = 00:00:39 ; elapsed = 00:00:34 . Memory (MB): peak = 1964.117 ; gain = 0.000
INFO: [Vivado 12-24828] Executing command : report_drc -file DDP_drc_routed.rpt -pb DDP_drc_routed.pb -rpx DDP_drc_routed.rpx
Command: report_drc -file DDP_drc_routed.rpt -pb DDP_drc_routed.pb -rpx DDP_drc_routed.rpx
INFO: [IP_Flow 19-1839] IP Catalog is up to date.
INFO: [DRC 23-27] Running DRC with 2 threads
INFO: [Vivado_Tcl 2-168] The results of DRC are in file C:/lab/4B_Research/FIR_DDP/Masa_FIR_DDP_16bit/MASA_FIR_DDP_16bit/MASA_FIR_DDP_16bit.runs/impl_1/DDP_drc_routed.rpt.
report_drc completed successfully
INFO: [Vivado 12-24828] Executing command : report_methodology -file DDP_methodology_drc_routed.rpt -pb DDP_methodology_drc_routed.pb -rpx DDP_methodology_drc_routed.rpx
Command: report_methodology -file DDP_methodology_drc_routed.rpt -pb DDP_methodology_drc_routed.pb -rpx DDP_methodology_drc_routed.rpx
INFO: [Timing 38-35] Done setting XDC timing constraints.
INFO: [DRC 23-133] Running Methodology with 2 threads
INFO: [Vivado_Tcl 2-1520] The results of Report Methodology are in file C:/lab/4B_Research/FIR_DDP/Masa_FIR_DDP_16bit/MASA_FIR_DDP_16bit/MASA_FIR_DDP_16bit.runs/impl_1/DDP_methodology_drc_routed.rpt.
report_methodology completed successfully
INFO: [Vivado 12-24828] Executing command : report_timing_summary -max_paths 10 -routable_nets -report_unconstrained -file DDP_timing_summary_routed.rpt -pb DDP_timing_summary_routed.pb -rpx DDP_timing_summary_routed.rpx -warn_on_violation 
INFO: [Timing 38-35] Done setting XDC timing constraints.
INFO: [Timing 38-91] UpdateTimingParams: Speed grade: -1, Delay Type: min_max.
INFO: [Timing 38-191] Multithreading enabled for timing update using a maximum of 2 CPUs
WARNING: [Timing 38-313] There are no user specified timing constraints. Timing constraints are needed for proper timing analysis.
INFO: [Vivado 12-24838] Running report commands "report_incremental_reuse, report_route_status" in parallel.
Running report generation with 2 threads.
INFO: [Vivado 12-24828] Executing command : report_incremental_reuse -file DDP_incremental_reuse_routed.rpt
INFO: [Vivado_Tcl 4-1062] Incremental flow is disabled. No incremental reuse Info to report.
INFO: [Vivado 12-24828] Executing command : report_route_status -file DDP_route_status.rpt -pb DDP_route_status.pb
INFO: [Vivado 12-24828] Executing command : report_power -file DDP_power_routed.rpt -pb DDP_power_summary_routed.pb -rpx DDP_power_routed.rpx
Command: report_power -file DDP_power_routed.rpt -pb DDP_power_summary_routed.pb -rpx DDP_power_routed.rpx
WARNING: [Power 33-232] No user defined clocks were found in the design! Power estimation will be inaccurate until this is corrected.
Resolution: Please specify clocks using create_clock/create_generated_clock for sequential elements. For pure combinatorial circuits, please specify a virtual clock, otherwise the vectorless estimation might be inaccurate
Running Vector-less Activity Propagation...

Finished Running Vector-less Activity Propagation
94 Infos, 15 Warnings, 0 Critical Warnings and 0 Errors encountered.
report_power completed successfully
INFO: [Vivado 12-24828] Executing command : report_clock_utilization -file DDP_clock_utilization_routed.rpt
INFO: [Vivado 12-24828] Executing command : report_bus_skew -warn_on_violation -file DDP_bus_skew_routed.rpt -pb DDP_bus_skew_routed.pb -rpx DDP_bus_skew_routed.rpx
INFO: [Timing 38-91] UpdateTimingParams: Speed grade: -1, Delay Type: min_max.
INFO: [Timing 38-191] Multithreading enabled for timing update using a maximum of 2 CPUs
generate_parallel_reports: Time (s): cpu = 00:00:10 ; elapsed = 00:00:07 . Memory (MB): peak = 1964.117 ; gain = 0.000
INFO: [Timing 38-480] Writing timing data to binary archive.
Wrote PlaceDB: Time (s): cpu = 00:00:00 ; elapsed = 00:00:00 . Memory (MB): peak = 1964.117 ; gain = 0.000
Wrote PulsedLatchDB: Time (s): cpu = 00:00:00 ; elapsed = 00:00:00 . Memory (MB): peak = 1964.117 ; gain = 0.000
Writing XDEF routing.
Write ShapeDB Complete: Time (s): cpu = 00:00:00 ; elapsed = 00:00:00.008 . Memory (MB): peak = 1964.117 ; gain = 0.000
Writing XDEF routing logical nets.
Writing XDEF routing special nets.
Wrote RouteStorage: Time (s): cpu = 00:00:00 ; elapsed = 00:00:00.070 . Memory (MB): peak = 1964.117 ; gain = 0.000
Wrote PlaceStorage: Time (s): cpu = 00:00:01 ; elapsed = 00:00:00.239 . Memory (MB): peak = 1964.117 ; gain = 0.000
Wrote Netlist Cache: Time (s): cpu = 00:00:00 ; elapsed = 00:00:00.007 . Memory (MB): peak = 1964.117 ; gain = 0.000
Wrote Device Cache: Time (s): cpu = 00:00:00 ; elapsed = 00:00:00.012 . Memory (MB): peak = 1964.117 ; gain = 0.000
Write Physdb Complete: Time (s): cpu = 00:00:01 ; elapsed = 00:00:00.339 . Memory (MB): peak = 1964.117 ; gain = 0.000
INFO: [Common 17-1381] The checkpoint 'C:/lab/4B_Research/FIR_DDP/Masa_FIR_DDP_16bit/MASA_FIR_DDP_16bit/MASA_FIR_DDP_16bit.runs/impl_1/DDP_routed.dcp' has been generated.
INFO: [Common 17-206] Exiting Vivado at Wed Sep 16 17:42:10 2026...
