INFO: [VRFC 10-2263] Analyzing Verilog file "C:/lab/4B_Research/FIR_DDP/Masa_FIR_DDP_16bit/MASA_FIR_DDP_16bit/MASA_FIR_DDP_16bit.sim/sim_1/impl/timing/xsim/DDP_SIM_time_impl.v" into library xil_defaultlib
INFO: [VRFC 10-311] analyzing module FDCP_UNIQ_BASE_
INFO: [VRFC 10-311] analyzing module ALU
INFO: [VRFC 10-311] analyzing module ARB
INFO: [VRFC 10-311] analyzing module B_Stage
INFO: [VRFC 10-311] analyzing module C
INFO: [VRFC 10-311] analyzing module CB
INFO: [VRFC 10-311] analyzing module CE
INFO: [VRFC 10-311] analyzing module CE__2
INFO: [VRFC 10-311] analyzing module CF
INFO: [VRFC 10-311] analyzing module CF__5
INFO: [VRFC 10-311] analyzing module CF__6
INFO: [VRFC 10-311] analyzing module CF__7
INFO: [VRFC 10-311] analyzing module CF__8
INFO: [VRFC 10-311] analyzing module CJ
INFO: [VRFC 10-311] analyzing module CJ__2
INFO: [VRFC 10-311] analyzing module CM
INFO: [VRFC 10-311] analyzing module CMEM
INFO: [VRFC 10-311] analyzing module COPY_Stage
INFO: [VRFC 10-311] analyzing module CX2
INFO: [VRFC 10-311] analyzing module C__4
INFO: [VRFC 10-311] analyzing module C__5
INFO: [VRFC 10-311] analyzing module C__6
INFO: [VRFC 10-311] analyzing module DDP
INFO: [VRFC 10-311] analyzing module DL1S
INFO: [VRFC 10-311] analyzing module DMEM
INFO: [VRFC 10-311] analyzing module Delay_2ns
INFO: [VRFC 10-311] analyzing module Delay_2ns_11
INFO: [VRFC 10-311] analyzing module Delay_2ns_13
INFO: [VRFC 10-311] analyzing module Delay_2ns_19
INFO: [VRFC 10-311] analyzing module Delay_2ns_21
INFO: [VRFC 10-311] analyzing module Delay_2ns_27
INFO: [VRFC 10-311] analyzing module Delay_2ns_29
INFO: [VRFC 10-311] analyzing module Delay_2ns_5
INFO: [VRFC 10-311] analyzing module Delay_2ns_7
INFO: [VRFC 10-311] analyzing module Delay_2ns_9
INFO: [VRFC 10-311] analyzing module Delay_4ns
INFO: [VRFC 10-311] analyzing module Delay_4ns_0
INFO: [VRFC 10-311] analyzing module Delay_4ns_1
INFO: [VRFC 10-311] analyzing module Delay_4ns_10
INFO: [VRFC 10-311] analyzing module Delay_4ns_12
INFO: [VRFC 10-311] analyzing module Delay_4ns_14
INFO: [VRFC 10-311] analyzing module Delay_4ns_15
INFO: [VRFC 10-311] analyzing module Delay_4ns_16
INFO: [VRFC 10-311] analyzing module Delay_4ns_17
INFO: [VRFC 10-311] analyzing module Delay_4ns_18
INFO: [VRFC 10-311] analyzing module Delay_4ns_2
INFO: [VRFC 10-311] analyzing module Delay_4ns_20
INFO: [VRFC 10-311] analyzing module Delay_4ns_22
INFO: [VRFC 10-311] analyzing module Delay_4ns_23
INFO: [VRFC 10-311] analyzing module Delay_4ns_24
INFO: [VRFC 10-311] analyzing module Delay_4ns_25
INFO: [VRFC 10-311] analyzing module Delay_4ns_26
INFO: [VRFC 10-311] analyzing module Delay_4ns_28
INFO: [VRFC 10-311] analyzing module Delay_4ns_3
INFO: [VRFC 10-311] analyzing module Delay_4ns_30
INFO: [VRFC 10-311] analyzing module Delay_4ns_31
INFO: [VRFC 10-311] analyzing module Delay_4ns_32
INFO: [VRFC 10-311] analyzing module Delay_4ns_33
INFO: [VRFC 10-311] analyzing module Delay_4ns_34
INFO: [VRFC 10-311] analyzing module Delay_4ns_35
INFO: [VRFC 10-311] analyzing module Delay_4ns_36
INFO: [VRFC 10-311] analyzing module Delay_4ns_37
INFO: [VRFC 10-311] analyzing module Delay_4ns_38
INFO: [VRFC 10-311] analyzing module Delay_4ns_39
INFO: [VRFC 10-311] analyzing module Delay_4ns_4
INFO: [VRFC 10-311] analyzing module Delay_4ns_40
INFO: [VRFC 10-311] analyzing module Delay_4ns_41
INFO: [VRFC 10-311] analyzing module Delay_4ns_6
INFO: [VRFC 10-311] analyzing module Delay_4ns_8
INFO: [VRFC 10-311] analyzing module ENTRY_FD
INFO: [VRFC 10-311] analyzing module ENTRY_FD__100
INFO: [VRFC 10-311] analyzing module ENTRY_FD__101
INFO: [VRFC 10-311] analyzing module ENTRY_FD__102
INFO: [VRFC 10-311] analyzing module ENTRY_FD__103
INFO: [VRFC 10-311] analyzing module ENTRY_FD__104
INFO: [VRFC 10-311] analyzing module ENTRY_FD__105
INFO: [VRFC 10-311] analyzing module ENTRY_FD__106
INFO: [VRFC 10-311] analyzing module ENTRY_FD__107
INFO: [VRFC 10-311] analyzing module ENTRY_FD__108
INFO: [VRFC 10-311] analyzing module ENTRY_FD__109
INFO: [VRFC 10-311] analyzing module ENTRY_FD__110
INFO: [VRFC 10-311] analyzing module ENTRY_FD__111
INFO: [VRFC 10-311] analyzing module ENTRY_FD__112
INFO: [VRFC 10-311] analyzing module ENTRY_FD__113
INFO: [VRFC 10-311] analyzing module ENTRY_FD__114
INFO: [VRFC 10-311] analyzing module ENTRY_FD__115
INFO: [VRFC 10-311] analyzing module ENTRY_FD__116
INFO: [VRFC 10-311] analyzing module ENTRY_FD__117
INFO: [VRFC 10-311] analyzing module ENTRY_FD__118
INFO: [VRFC 10-311] analyzing module ENTRY_FD__119
INFO: [VRFC 10-311] analyzing module ENTRY_FD__120
INFO: [VRFC 10-311] analyzing module ENTRY_FD__121
INFO: [VRFC 10-311] analyzing module ENTRY_FD__122
INFO: [VRFC 10-311] analyzing module ENTRY_FD__123
INFO: [VRFC 10-311] analyzing module ENTRY_FD__124
INFO: [VRFC 10-311] analyzing module ENTRY_FD__125
INFO: [VRFC 10-311] analyzing module ENTRY_FD__126
INFO: [VRFC 10-311] analyzing module ENTRY_FD__64
INFO: [VRFC 10-311] analyzing module ENTRY_FD__65
INFO: [VRFC 10-311] analyzing module ENTRY_FD__66
INFO: [VRFC 10-311] analyzing module ENTRY_FD__67
INFO: [VRFC 10-311] analyzing module ENTRY_FD__68
INFO: [VRFC 10-311] analyzing module ENTRY_FD__69
INFO: [VRFC 10-311] analyzing module ENTRY_FD__70
INFO: [VRFC 10-311] analyzing module ENTRY_FD__71
INFO: [VRFC 10-311] analyzing module ENTRY_FD__72
INFO: [VRFC 10-311] analyzing module ENTRY_FD__73
INFO: [VRFC 10-311] analyzing module ENTRY_FD__74
INFO: [VRFC 10-311] analyzing module ENTRY_FD__75
INFO: [VRFC 10-311] analyzing module ENTRY_FD__76
INFO: [VRFC 10-311] analyzing module ENTRY_FD__77
INFO: [VRFC 10-311] analyzing module ENTRY_FD__78
INFO: [VRFC 10-311] analyzing module ENTRY_FD__79
INFO: [VRFC 10-311] analyzing module ENTRY_FD__80
INFO: [VRFC 10-311] analyzing module ENTRY_FD__81
INFO: [VRFC 10-311] analyzing module ENTRY_FD__82
INFO: [VRFC 10-311] analyzing module ENTRY_FD__83
INFO: [VRFC 10-311] analyzing module ENTRY_FD__84
INFO: [VRFC 10-311] analyzing module ENTRY_FD__85
INFO: [VRFC 10-311] analyzing module ENTRY_FD__86
INFO: [VRFC 10-311] analyzing module ENTRY_FD__87
INFO: [VRFC 10-311] analyzing module ENTRY_FD__88
INFO: [VRFC 10-311] analyzing module ENTRY_FD__89
INFO: [VRFC 10-311] analyzing module ENTRY_FD__90
INFO: [VRFC 10-311] analyzing module ENTRY_FD__91
INFO: [VRFC 10-311] analyzing module ENTRY_FD__92
INFO: [VRFC 10-311] analyzing module ENTRY_FD__93
INFO: [VRFC 10-311] analyzing module ENTRY_FD__94
INFO: [VRFC 10-311] analyzing module ENTRY_FD__95
INFO: [VRFC 10-311] analyzing module ENTRY_FD__96
INFO: [VRFC 10-311] analyzing module ENTRY_FD__97
INFO: [VRFC 10-311] analyzing module ENTRY_FD__98
INFO: [VRFC 10-311] analyzing module ENTRY_FD__99
INFO: [VRFC 10-311] analyzing module FP_Stage
INFO: [VRFC 10-311] analyzing module MA_Stage
INFO: [VRFC 10-311] analyzing module MMCAM
INFO: [VRFC 10-311] analyzing module MMRAM
INFO: [VRFC 10-311] analyzing module MMRAM_RAM
INFO: [VRFC 10-311] analyzing module M_Stage
INFO: [VRFC 10-311] analyzing module OR_AM_MA
INFO: [VRFC 10-311] analyzing module PS
INFO: [VRFC 10-311] analyzing module PS_Stage
INFO: [VRFC 10-311] analyzing module SubPS
INFO: [VRFC 10-311] analyzing module CMEM_blk_mem_gen_generic_cstr
INFO: [VRFC 10-311] analyzing module CMEM_blk_mem_gen_prim_width
INFO: [VRFC 10-311] analyzing module CMEM_blk_mem_gen_prim_wrapper_init
INFO: [VRFC 10-311] analyzing module CMEM_blk_mem_gen_top
INFO: [VRFC 10-311] analyzing module CMEM_blk_mem_gen_v8_4_12
INFO: [VRFC 10-311] analyzing module CMEM_blk_mem_gen_v8_4_12_synth
INFO: [VRFC 10-311] analyzing module DMEM_blk_mem_gen_generic_cstr
INFO: [VRFC 10-311] analyzing module DMEM_blk_mem_gen_prim_width
INFO: [VRFC 10-311] analyzing module DMEM_blk_mem_gen_prim_wrapper
INFO: [VRFC 10-311] analyzing module DMEM_blk_mem_gen_top
INFO: [VRFC 10-311] analyzing module DMEM_blk_mem_gen_v8_4_12
INFO: [VRFC 10-311] analyzing module DMEM_blk_mem_gen_v8_4_12_synth
INFO: [VRFC 10-311] analyzing module MMRAM_RAM_blk_mem_gen_generic_cstr
INFO: [VRFC 10-311] analyzing module MMRAM_RAM_blk_mem_gen_prim_width
INFO: [VRFC 10-311] analyzing module MMRAM_RAM_blk_mem_gen_prim_wrapper
INFO: [VRFC 10-311] analyzing module MMRAM_RAM_blk_mem_gen_top
INFO: [VRFC 10-311] analyzing module MMRAM_RAM_blk_mem_gen_v8_4_12
INFO: [VRFC 10-311] analyzing module MMRAM_RAM_blk_mem_gen_v8_4_12_synth
INFO: [VRFC 10-311] analyzing module PS_blk_mem_gen_generic_cstr
INFO: [VRFC 10-311] analyzing module PS_blk_mem_gen_prim_width
INFO: [VRFC 10-311] analyzing module PS_blk_mem_gen_prim_wrapper_init
INFO: [VRFC 10-311] analyzing module PS_blk_mem_gen_top
INFO: [VRFC 10-311] analyzing module PS_blk_mem_gen_v8_4_12
INFO: [VRFC 10-311] analyzing module PS_blk_mem_gen_v8_4_12_synth
INFO: [VRFC 10-311] analyzing module SubPS_blk_mem_gen_generic_cstr
INFO: [VRFC 10-311] analyzing module SubPS_blk_mem_gen_prim_width
INFO: [VRFC 10-311] analyzing module SubPS_blk_mem_gen_prim_wrapper_init
INFO: [VRFC 10-311] analyzing module SubPS_blk_mem_gen_top
INFO: [VRFC 10-311] analyzing module SubPS_blk_mem_gen_v8_4_12
INFO: [VRFC 10-311] analyzing module SubPS_blk_mem_gen_v8_4_12_synth
INFO: [VRFC 10-311] analyzing module glbl
INFO: [VRFC 10-2263] Analyzing Verilog file "C:/lab/4B_Research/FIR_DDP/Masa_FIR_DDP_16bit/SIM/DDP_SIM.v" into library xil_defaultlib
INFO: [VRFC 10-311] analyzing module DDP_SIM
